******************************************************************************
                  TMS470 Linker PC v4.9.5                      
******************************************************************************
>> Linked Sun Feb 10 16:42:32 2013

OUTPUT FILE NAME:   <MorseClock.out>
ENTRY POINT SYMBOL: "_c_int00"  address: 00001c85


MEMORY CONFIGURATION

         name            origin    length      used     unused   attr    fill
----------------------  --------  ---------  --------  --------  ----  --------
  FLASH                 00000000   00040000  000022f8  0003dd08  R  X
  SRAM                  20000000   00008000  00000420  00007be0  RW X


SEGMENT ALLOCATION MAP

run origin  load origin   length   init length attrs members
----------  ----------- ---------- ----------- ----- -------
00000000    00000000    000022f8   000022f8    r-x
  00000000    00000000    0000026c   0000026c    r-- .intvecs
  0000026c    0000026c    00001d40   00001d40    r-x .text
  00001fac    00001fac    000002d4   000002d4    r-- .const
  00002280    00002280    00000078   00000078    r-- .cinit
20000000    20000000    000003cc   00000000    rw-
  20000000    20000000    0000026c   00000000    rw- .vtable
  2000026c    2000026c    00000100   00000000    rw- .stack
  2000036c    2000036c    00000060   00000000    rw- .bss
200003cc    200003cc    00000054   00000054    rw-
  200003cc    200003cc    00000054   00000054    rw- .data


SECTION ALLOCATION MAP

 output                                  attributes/
section   page    origin      length       input sections
--------  ----  ----------  ----------   ----------------
.intvecs   0    00000000    0000026c     
                  00000000    0000026c     startup_ccs.obj (.intvecs)

.text      0    0000026c    00001d40     
                  0000026c    0000055e     Morse.obj (.text)
                  000007ca    00000002     --HOLE-- [fill = 0]
                  000007cc    000004b0     uartstdio.obj (.text)
                  00000c7c    000002a4     rtsv7M4_T_le_v4SPD16_eabi.lib : mktime.obj (.text)
                  00000f20    0000027c     rgb.obj (.text)
                  0000119c    000001d8     driverlib-cm4f.lib : sysctl.obj (.text:SysCtlClockGet)
                  00001374    00000158     Clock.obj (.text)
                  000014cc    00000144     main.obj (.text)
                  00001610    0000013c     driverlib-cm4f.lib : sysctl.obj (.text:SysCtlClockSet)
                  0000174c    000000c8                        : gpio.obj (.text:GPIOPadConfigSet)
                  00001814    000000a8     rtsv7M4_T_le_v4SPD16_eabi.lib : asctime.obj (.text)
                  000018bc    0000009c                                   : memcpy_t2.obj (.text)
                  00001958    00000094                                   : auto_init.obj (.text)
                  000019ec    00000064     driverlib-cm4f.lib : interrupt.obj (.text:IntEnable)
                  00001a50    0000005e     rtsv7M4_T_le_v4SPD16_eabi.lib : copy_decompress_rle.obj (.text)
                  00001aae    00000002     --HOLE-- [fill = 0]
                  00001ab0    00000058     driverlib-cm4f.lib : sysctl.obj (.text:SysCtlPeripheralEnable)
                  00001b08    00000050     rtsv7M4_T_le_v4SPD16_eabi.lib : _tvaltostr.obj (.text)
                  00001b58    0000004c     driverlib-cm4f.lib : hibernate.obj (.text:HibernateEnableExpClk)
                  00001ba4    0000004c     rtsv7M4_T_le_v4SPD16_eabi.lib : cpy_tbl.obj (.text)
                  00001bf0    0000004c                                   : localtim.obj (.text)
                  00001c3c    00000048     driverlib-cm4f.lib : gpio.obj (.text:GPIOPinConfigure)
                  00001c84    00000048     rtsv7M4_T_le_v4SPD16_eabi.lib : boot.obj (.text)
                  00001ccc    00000044                                   : exit.obj (.text)
                  00001d10    00000042                                   : u_divt2.obj (.text)
                  00001d52    00000002     --HOLE-- [fill = 0]
                  00001d54    00000038     driverlib-cm4f.lib : hibernate.obj (.text:HibernateWriteComplete)
                  00001d8c    00000034                        : interrupt.obj (.text:IntRegister)
                  00001dc0    0000002e                        : gpio.obj (.text:GPIODirModeSet)
                  00001dee    00000002     --HOLE-- [fill = 0]
                  00001df0    00000024                        : hibernate.obj (.text:HibernateIntStatus)
                  00001e14    0000001a     rtsv7M4_T_le_v4SPD16_eabi.lib : strcat.obj (.text)
                  00001e2e    00000002     --HOLE-- [fill = 0]
                  00001e30    00000018                                   : _lock.obj (.text)
                  00001e48    00000018                                   : args_main.obj (.text)
                  00001e60    00000014     driverlib-cm4f.lib : hibernate.obj (.text:HibernateIntClear)
                  00001e74    00000014                        : hibernate.obj (.text:HibernateIntEnable)
                  00001e88    00000014                        : hibernate.obj (.text:HibernateRTCEnable)
                  00001e9c    00000014                        : timer.obj (.text:TimerDisable)
                  00001eb0    00000012                        : gpio.obj (.text:GPIOPinTypeGPIOInput)
                  00001ec2    00000012                        : gpio.obj (.text:GPIOPinTypeGPIOOutput)
                  00001ed4    00000012                        : gpio.obj (.text:GPIOPinTypeTimer)
                  00001ee6    00000012                        : gpio.obj (.text:GPIOPinTypeUART)
                  00001ef8    00000012                        : hibernate.obj (.text:HibernateIntRegister)
                  00001f0a    00000012                        : timer.obj (.text:TimerMatchSet)
                  00001f1c    00000012     rtsv7M4_T_le_v4SPD16_eabi.lib : copy_zero_init.obj (.text:decompress:ZI)
                  00001f2e    00000002     --HOLE-- [fill = 0]
                  00001f30    00000010     driverlib-cm4f.lib : hibernate.obj (.text:HibernateRTCMatch0Set)
                  00001f40    00000010                        : hibernate.obj (.text:HibernateRTCSet)
                  00001f50    00000010     rtsv7M4_T_le_v4SPD16_eabi.lib : strcpy.obj (.text)
                  00001f60    0000000e     driverlib-cm4f.lib : timer.obj (.text:TimerEnable)
                  00001f6e    0000000e     rtsv7M4_T_le_v4SPD16_eabi.lib : copy_decompress_none.obj (.text:decompress:none)
                  00001f7c    0000000c     driverlib-cm4f.lib : hibernate.obj (.text:HibernateRTCGet)
                  00001f88    0000000c     rtsv7M4_T_le_v4SPD16_eabi.lib : ctime_.obj (.text)
                  00001f94    0000000c     startup_ccs.obj (.text)
                  00001fa0    00000006     driverlib-cm4f.lib : sysctl.obj (.text:SysCtlDelay)
                  00001fa6    00000006     rtsv7M4_T_le_v4SPD16_eabi.lib : copy_decompress_rle.obj (.text:decompress:rle24)

.const     0    00001fac    000002d4     
                  00001fac    00000078     driverlib-cm4f.lib : gpio.obj (.const:g_pulGPIOBaseAddrs)
                  00002024    00000070                        : interrupt.obj (.const)
                  00002094    0000006c                        : sysctl.obj (.const:g_pulXtals)
                  00002100    0000004c     rtsv7M4_T_le_v4SPD16_eabi.lib : asctime.obj (.const:.string)
                  0000214c    00000040     driverlib-cm4f.lib : sysctl.obj (.const)
                  0000218c    00000030     rtsv7M4_T_le_v4SPD16_eabi.lib : asctime.obj (.const:mon)
                  000021bc    00000030                                   : mktime.obj (.const:mon_day)
                  000021ec    00000030                                   : mktime.obj (.const:mon_len)
                  0000221c    0000001c                                   : asctime.obj (.const)
                  00002238    0000001c     uartstdio.obj (.const)
                  00002254    00000012     uartstdio.obj (.const:.string)
                  00002266    00000002     --HOLE-- [fill = 0]
                  00002268    0000000c     Morse.obj (.const)
                  00002274    0000000c     main.obj (.const)

.cinit     0    00002280    00000078     
                  00002280    00000044     (.cinit..data.load) [load image, compression = rle]
                  000022c4    0000000c     (__TI_handler_table)
                  000022d0    00000008     (.cinit..bss.load) [load image, compression = zero_init]
                  000022d8    00000008     (.cinit..vtable.load) [load image, compression = zero_init]
                  000022e0    00000018     (__TI_cinit_table)

.vtable    0    20000000    0000026c     UNINITIALIZED
                  20000000    0000026c     driverlib-cm4f.lib : interrupt.obj (.vtable)

.stack     0    2000026c    00000100     UNINITIALIZED
                  2000026c    00000100     --HOLE--

.bss       0    2000036c    00000060     UNINITIALIZED
                  2000036c    00000024     rtsv7M4_T_le_v4SPD16_eabi.lib : localtim.obj (.bss:local$1)
                  20000390    0000001c                                   : asctime.obj (.bss)
                  200003ac    0000000c     rgb.obj (.bss)
                  200003b8    0000000c     rtsv7M4_T_le_v4SPD16_eabi.lib : _tvaltostr.obj (.bss)
                  200003c4    00000004     Clock.obj (.bss)
                  200003c8    00000004     driverlib-cm4f.lib : hibernate.obj (.bss)

.data      0    200003cc    00000054     
                  200003cc    0000001c     main.obj (.data)
                  200003e8    00000010     rtsv7M4_T_le_v4SPD16_eabi.lib : tmzone.obj (.data)
                  200003f8    00000008     Clock.obj (.data)
                  20000400    00000008     rtsv7M4_T_le_v4SPD16_eabi.lib : _lock.obj (.data)
                  20000408    00000008                                   : exit.obj (.data)
                  20000410    00000005     uartstdio.obj (.data)
                  20000415    00000003     --HOLE--
                  20000418    00000004     rgb.obj (.data)
                  2000041c    00000004     rtsv7M4_T_le_v4SPD16_eabi.lib : stkdepth_vars.obj (.data)


LINKER GENERATED COPY TABLES

__TI_cinit_table @ 000022e0 records: 3, size/record: 8, table size: 24
	.data: load addr=00002280, load size=00000044 bytes, run addr=200003cc, run size=00000054 bytes, compression=rle
	.bss: load addr=000022d0, load size=00000008 bytes, run addr=2000036c, run size=00000060 bytes, compression=zero_init
	.vtable: load addr=000022d8, load size=00000008 bytes, run addr=20000000, run size=0000026c bytes, compression=zero_init


LINKER GENERATED HANDLER TABLE

__TI_handler_table @ 000022c4 records: 3, size/record: 4, table size: 12
	index: 0, handler: __TI_zero_init
	index: 1, handler: __TI_decompress_rle24
	index: 2, handler: __TI_decompress_none


GLOBAL SYMBOLS: SORTED ALPHABETICALLY BY Name 

address    name
--------   ----
00001ccd   C$$EXIT
00001dc1   GPIODirModeSet
0000174d   GPIOPadConfigSet
00001c3d   GPIOPinConfigure
00001eb1   GPIOPinTypeGPIOInput
00001ec3   GPIOPinTypeGPIOOutput
00001ed5   GPIOPinTypeTimer
00001ee7   GPIOPinTypeUART
00001b59   HibernateEnableExpClk
00001e61   HibernateIntClear
00001e75   HibernateIntEnable
00001ef9   HibernateIntRegister
00001df1   HibernateIntStatus
00001e89   HibernateRTCEnable
00001f7d   HibernateRTCGet
00001f31   HibernateRTCMatch0Set
00001f41   HibernateRTCSet
00001d55   HibernateWriteComplete
000019ed   IntEnable
00001d8d   IntRegister
200003cc   PinData
00001121   RGBColorGet
0000106f   RGBColorSet
0000101d   RGBDisable
00000fad   RGBEnable
00000f21   RGBInit
0000110d   RGBIntensitySet
00001057   RGBSet
00001465   RTC_Handler
00001f95   ResetISR
UNDEFED    SHT$$INIT_ARRAY$$Base
UNDEFED    SHT$$INIT_ARRAY$$Limit
0000119d   SysCtlClockGet
00001611   SysCtlClockSet
00001fa1   SysCtlDelay
00001ab1   SysCtlPeripheralEnable
00001e9d   TimerDisable
00001f61   TimerEnable
00001f0b   TimerMatchSet
000007cd   UARTStdioConfig
00000825   UARTStdioInit
0000083f   UARTStdioInitExpClk
00000967   UARTgetc
000008a7   UARTgets
00000999   UARTprintf
00000859   UARTwrite
2000036c   __STACK_END
00000100   __STACK_SIZE
2000036c   __STACK_TOP
000022e0   __TI_CINIT_Base
000022f8   __TI_CINIT_Limit
000022c4   __TI_Handler_Table_Base
000022d0   __TI_Handler_Table_Limit
00000001   __TI_args_main
00001959   __TI_auto_init
00001f6f   __TI_decompress_none
00001fa7   __TI_decompress_rle24
00000000   __TI_static_base__
00001f1d   __TI_zero_init
000018bd   __aeabi_memcpy
000018bd   __aeabi_memcpy4
000018bd   __aeabi_memcpy8
00001d11   __aeabi_uidivmod
ffffffff   __binit__
ffffffff   __c_args__
2000026c   __stack
00001e49   _args_main
00001c85   _c_int00
20000408   _cleanup_ptr
2000040c   _dtors_ptr
20000400   _lock
00001e3d   _nop
00001e37   _register_lock
00001e31   _register_unlock
00001b09   _tvaltostr
200003e8   _tz
20000404   _unlock
00001cd1   abort
00001815   asctime
ffffffff   binit
00001ba5   copy_in
00001f89   ctime
000002c5   dash
00000293   delay
0000026d   digitalWrite
0000029f   dot
00001cd9   exit
20000000   g_pfnRAMVectors
00000000   g_pfnVectors
200003f8   i
00001375   init_clock
000002eb   letterBreak
00001bf1   localtime
000014cd   main
2000041c   main_func_sp
000018bd   memcpy
200003d0   message
200003d4   message2
00000c7d   mktime
00001435   printtime
000013b7   reinit
0000144f   runtime
00000319   send
000013ef   settime
00001e15   strcat
00001f51   strcpy
200003c4   tt
200003fc   updated
000002f5   wordBreak


GLOBAL SYMBOLS: SORTED BY Symbol Address 

address    name
--------   ----
00000000   __TI_static_base__
00000000   g_pfnVectors
00000001   __TI_args_main
00000100   __STACK_SIZE
0000026d   digitalWrite
00000293   delay
0000029f   dot
000002c5   dash
000002eb   letterBreak
000002f5   wordBreak
00000319   send
000007cd   UARTStdioConfig
00000825   UARTStdioInit
0000083f   UARTStdioInitExpClk
00000859   UARTwrite
000008a7   UARTgets
00000967   UARTgetc
00000999   UARTprintf
00000c7d   mktime
00000f21   RGBInit
00000fad   RGBEnable
0000101d   RGBDisable
00001057   RGBSet
0000106f   RGBColorSet
0000110d   RGBIntensitySet
00001121   RGBColorGet
0000119d   SysCtlClockGet
00001375   init_clock
000013b7   reinit
000013ef   settime
00001435   printtime
0000144f   runtime
00001465   RTC_Handler
000014cd   main
00001611   SysCtlClockSet
0000174d   GPIOPadConfigSet
00001815   asctime
000018bd   __aeabi_memcpy
000018bd   __aeabi_memcpy4
000018bd   __aeabi_memcpy8
000018bd   memcpy
00001959   __TI_auto_init
000019ed   IntEnable
00001ab1   SysCtlPeripheralEnable
00001b09   _tvaltostr
00001b59   HibernateEnableExpClk
00001ba5   copy_in
00001bf1   localtime
00001c3d   GPIOPinConfigure
00001c85   _c_int00
00001ccd   C$$EXIT
00001cd1   abort
00001cd9   exit
00001d11   __aeabi_uidivmod
00001d55   HibernateWriteComplete
00001d8d   IntRegister
00001dc1   GPIODirModeSet
00001df1   HibernateIntStatus
00001e15   strcat
00001e31   _register_unlock
00001e37   _register_lock
00001e3d   _nop
00001e49   _args_main
00001e61   HibernateIntClear
00001e75   HibernateIntEnable
00001e89   HibernateRTCEnable
00001e9d   TimerDisable
00001eb1   GPIOPinTypeGPIOInput
00001ec3   GPIOPinTypeGPIOOutput
00001ed5   GPIOPinTypeTimer
00001ee7   GPIOPinTypeUART
00001ef9   HibernateIntRegister
00001f0b   TimerMatchSet
00001f1d   __TI_zero_init
00001f31   HibernateRTCMatch0Set
00001f41   HibernateRTCSet
00001f51   strcpy
00001f61   TimerEnable
00001f6f   __TI_decompress_none
00001f7d   HibernateRTCGet
00001f89   ctime
00001f95   ResetISR
00001fa1   SysCtlDelay
00001fa7   __TI_decompress_rle24
000022c4   __TI_Handler_Table_Base
000022d0   __TI_Handler_Table_Limit
000022e0   __TI_CINIT_Base
000022f8   __TI_CINIT_Limit
20000000   g_pfnRAMVectors
2000026c   __stack
2000036c   __STACK_END
2000036c   __STACK_TOP
200003c4   tt
200003cc   PinData
200003d0   message
200003d4   message2
200003e8   _tz
200003f8   i
200003fc   updated
20000400   _lock
20000404   _unlock
20000408   _cleanup_ptr
2000040c   _dtors_ptr
2000041c   main_func_sp
ffffffff   __binit__
ffffffff   __c_args__
ffffffff   binit
UNDEFED    SHT$$INIT_ARRAY$$Base
UNDEFED    SHT$$INIT_ARRAY$$Limit

[109 symbols]
