******************************************************************************
                  TMS470 Linker PC v4.9.5                      
******************************************************************************
>> Linked Sun Feb 10 17:47:00 2013

OUTPUT FILE NAME:   <MorseClock.out>
ENTRY POINT SYMBOL: "_c_int00"  address: 00001f85


MEMORY CONFIGURATION

         name            origin    length      used     unused   attr    fill
----------------------  --------  ---------  --------  --------  ----  --------
  FLASH                 00000000   00040000  0000260c  0003d9f4  R  X
  SRAM                  20000000   00008000  0000041f  00007be1  RW X


SEGMENT ALLOCATION MAP

run origin  load origin   length   init length attrs members
----------  ----------- ---------- ----------- ----- -------
00000000    00000000    00002610   00002610    r-x
  00000000    00000000    0000026c   0000026c    r-- .intvecs
  0000026c    0000026c    00002040   00002040    r-x .text
  000022ac    000022ac    000002f8   000002f8    r-- .const
  000025a8    000025a8    00000068   00000068    r-- .cinit
20000000    20000000    000003cc   00000000    rw-
  20000000    20000000    0000026c   00000000    rw- .vtable
  2000026c    2000026c    00000100   00000000    rw- .stack
  2000036c    2000036c    00000060   00000000    rw- .bss
200003cc    200003cc    00000053   00000053    rw-
  200003cc    200003cc    00000053   00000053    rw- .data


SECTION ALLOCATION MAP

 output                                  attributes/
section   page    origin      length       input sections
--------  ----  ----------  ----------   ----------------
.intvecs   0    00000000    0000026c     
                  00000000    0000026c     startup_ccs.obj (.intvecs)

.text      0    0000026c    00002040     
                  0000026c    0000055e     Morse.obj (.text)
                  000007ca    00000002     --HOLE-- [fill = 0]
                  000007cc    000004b0     uartstdio.obj (.text)
                  00000c7c    000002a4     rtsv7M4_T_le_v4SPD16_eabi.lib : mktime.obj (.text)
                  00000f20    0000027c     rgb.obj (.text)
                  0000119c    00000270     main.obj (.text)
                  0000140c    00000208     Clock.obj (.text)
                  00001614    000001d8     driverlib-cm4f.lib : sysctl.obj (.text:SysCtlClockGet)
                  000017ec    0000013c                        : sysctl.obj (.text:SysCtlClockSet)
                  00001928    00000124     buttons.obj (.text)
                  00001a4c    000000c8     driverlib-cm4f.lib : gpio.obj (.text:GPIOPadConfigSet)
                  00001b14    000000a8     rtsv7M4_T_le_v4SPD16_eabi.lib : asctime.obj (.text)
                  00001bbc    0000009c                                   : memcpy_t2.obj (.text)
                  00001c58    00000094                                   : auto_init.obj (.text)
                  00001cec    00000064     driverlib-cm4f.lib : interrupt.obj (.text:IntEnable)
                  00001d50    0000005e     rtsv7M4_T_le_v4SPD16_eabi.lib : copy_decompress_rle.obj (.text)
                  00001dae    00000002     --HOLE-- [fill = 0]
                  00001db0    00000058     driverlib-cm4f.lib : sysctl.obj (.text:SysCtlPeripheralEnable)
                  00001e08    00000050     rtsv7M4_T_le_v4SPD16_eabi.lib : _tvaltostr.obj (.text)
                  00001e58    0000004c     driverlib-cm4f.lib : hibernate.obj (.text:HibernateEnableExpClk)
                  00001ea4    0000004c     rtsv7M4_T_le_v4SPD16_eabi.lib : cpy_tbl.obj (.text)
                  00001ef0    0000004c                                   : localtim.obj (.text)
                  00001f3c    00000048     driverlib-cm4f.lib : gpio.obj (.text:GPIOPinConfigure)
                  00001f84    00000048     rtsv7M4_T_le_v4SPD16_eabi.lib : boot.obj (.text)
                  00001fcc    00000044                                   : exit.obj (.text)
                  00002010    00000042                                   : u_divt2.obj (.text)
                  00002052    00000002     --HOLE-- [fill = 0]
                  00002054    00000038     driverlib-cm4f.lib : hibernate.obj (.text:HibernateWriteComplete)
                  0000208c    00000034                        : interrupt.obj (.text:IntRegister)
                  000020c0    0000002e                        : gpio.obj (.text:GPIODirModeSet)
                  000020ee    00000002     --HOLE-- [fill = 0]
                  000020f0    00000024                        : hibernate.obj (.text:HibernateIntStatus)
                  00002114    0000001a     rtsv7M4_T_le_v4SPD16_eabi.lib : strcat.obj (.text)
                  0000212e    00000002     --HOLE-- [fill = 0]
                  00002130    00000018                                   : _lock.obj (.text)
                  00002148    00000018                                   : args_main.obj (.text)
                  00002160    00000014     driverlib-cm4f.lib : hibernate.obj (.text:HibernateIntClear)
                  00002174    00000014                        : hibernate.obj (.text:HibernateIntEnable)
                  00002188    00000014                        : hibernate.obj (.text:HibernateRTCEnable)
                  0000219c    00000014                        : timer.obj (.text:TimerDisable)
                  000021b0    00000012                        : gpio.obj (.text:GPIOPinTypeGPIOInput)
                  000021c2    00000012                        : gpio.obj (.text:GPIOPinTypeGPIOOutput)
                  000021d4    00000012                        : gpio.obj (.text:GPIOPinTypeTimer)
                  000021e6    00000012                        : gpio.obj (.text:GPIOPinTypeUART)
                  000021f8    00000012                        : hibernate.obj (.text:HibernateIntRegister)
                  0000220a    00000012                        : timer.obj (.text:TimerMatchSet)
                  0000221c    00000012     rtsv7M4_T_le_v4SPD16_eabi.lib : copy_zero_init.obj (.text:decompress:ZI)
                  0000222e    00000002     --HOLE-- [fill = 0]
                  00002230    00000010     driverlib-cm4f.lib : hibernate.obj (.text:HibernateRTCMatch0Set)
                  00002240    00000010                        : hibernate.obj (.text:HibernateRTCSet)
                  00002250    00000010     rtsv7M4_T_le_v4SPD16_eabi.lib : strcpy.obj (.text)
                  00002260    0000000e     driverlib-cm4f.lib : timer.obj (.text:TimerEnable)
                  0000226e    0000000e     rtsv7M4_T_le_v4SPD16_eabi.lib : copy_decompress_none.obj (.text:decompress:none)
                  0000227c    0000000c     driverlib-cm4f.lib : hibernate.obj (.text:HibernateRTCGet)
                  00002288    0000000c     rtsv7M4_T_le_v4SPD16_eabi.lib : ctime_.obj (.text)
                  00002294    0000000c     startup_ccs.obj (.text)
                  000022a0    00000006     driverlib-cm4f.lib : sysctl.obj (.text:SysCtlDelay)
                  000022a6    00000006     rtsv7M4_T_le_v4SPD16_eabi.lib : copy_decompress_rle.obj (.text:decompress:rle24)

.const     0    000022ac    000002f8     
                  000022ac    00000078     driverlib-cm4f.lib : gpio.obj (.const:g_pulGPIOBaseAddrs)
                  00002324    00000070                        : interrupt.obj (.const)
                  00002394    0000006c                        : sysctl.obj (.const:g_pulXtals)
                  00002400    0000004c     rtsv7M4_T_le_v4SPD16_eabi.lib : asctime.obj (.const:.string)
                  0000244c    00000040     driverlib-cm4f.lib : sysctl.obj (.const)
                  0000248c    00000030     main.obj (.const)
                  000024bc    00000030     rtsv7M4_T_le_v4SPD16_eabi.lib : asctime.obj (.const:mon)
                  000024ec    00000030                                   : mktime.obj (.const:mon_day)
                  0000251c    00000030                                   : mktime.obj (.const:mon_len)
                  0000254c    0000001c                                   : asctime.obj (.const)
                  00002568    0000001c     uartstdio.obj (.const)
                  00002584    00000012     uartstdio.obj (.const:.string)
                  00002596    00000002     --HOLE-- [fill = 0]
                  00002598    0000000c     Morse.obj (.const)

.cinit     0    000025a8    00000068     
                  000025a8    00000034     (.cinit..data.load) [load image, compression = rle]
                  000025dc    0000000c     (__TI_handler_table)
                  000025e8    00000008     (.cinit..bss.load) [load image, compression = zero_init]
                  000025f0    00000008     (.cinit..vtable.load) [load image, compression = zero_init]
                  000025f8    00000018     (__TI_cinit_table)

.vtable    0    20000000    0000026c     UNINITIALIZED
                  20000000    0000026c     driverlib-cm4f.lib : interrupt.obj (.vtable)

.stack     0    2000026c    00000100     UNINITIALIZED
                  2000026c    00000100     --HOLE--

.bss       0    2000036c    00000060     UNINITIALIZED
                  2000036c    00000024     rtsv7M4_T_le_v4SPD16_eabi.lib : localtim.obj (.bss:local$1)
                  20000390    0000001c                                   : asctime.obj (.bss)
                  200003ac    0000000c     rgb.obj (.bss)
                  200003b8    0000000c     rtsv7M4_T_le_v4SPD16_eabi.lib : _tvaltostr.obj (.bss)
                  200003c4    00000004     Clock.obj (.bss)
                  200003c8    00000004     driverlib-cm4f.lib : hibernate.obj (.bss)

.data      0    200003cc    00000053     
                  200003cc    00000018     Clock.obj (.data)
                  200003e4    00000010     rtsv7M4_T_le_v4SPD16_eabi.lib : tmzone.obj (.data)
                  200003f4    00000008     main.obj (.data)
                  200003fc    00000008     rtsv7M4_T_le_v4SPD16_eabi.lib : _lock.obj (.data)
                  20000404    00000008                                   : exit.obj (.data)
                  2000040c    00000005     uartstdio.obj (.data)
                  20000411    00000003     --HOLE--
                  20000414    00000004     rgb.obj (.data)
                  20000418    00000004     rtsv7M4_T_le_v4SPD16_eabi.lib : stkdepth_vars.obj (.data)
                  2000041c    00000003     buttons.obj (.data)


LINKER GENERATED COPY TABLES

__TI_cinit_table @ 000025f8 records: 3, size/record: 8, table size: 24
	.data: load addr=000025a8, load size=00000034 bytes, run addr=200003cc, run size=00000053 bytes, compression=rle
	.bss: load addr=000025e8, load size=00000008 bytes, run addr=2000036c, run size=00000060 bytes, compression=zero_init
	.vtable: load addr=000025f0, load size=00000008 bytes, run addr=20000000, run size=0000026c bytes, compression=zero_init


LINKER GENERATED HANDLER TABLE

__TI_handler_table @ 000025dc records: 3, size/record: 4, table size: 12
	index: 0, handler: __TI_zero_init
	index: 1, handler: __TI_decompress_rle24
	index: 2, handler: __TI_decompress_none


GLOBAL SYMBOLS: SORTED ALPHABETICALLY BY Name 

address    name
--------   ----
000019d1   ButtonsInit
00001929   ButtonsPoll
00001fcd   C$$EXIT
0000150b   Changetime
000020c1   GPIODirModeSet
00001a4d   GPIOPadConfigSet
00001f3d   GPIOPinConfigure
000021b1   GPIOPinTypeGPIOInput
000021c3   GPIOPinTypeGPIOOutput
000021d5   GPIOPinTypeTimer
000021e7   GPIOPinTypeUART
00001e59   HibernateEnableExpClk
00002161   HibernateIntClear
00002175   HibernateIntEnable
000021f9   HibernateIntRegister
000020f1   HibernateIntStatus
00002189   HibernateRTCEnable
0000227d   HibernateRTCGet
00002231   HibernateRTCMatch0Set
00002241   HibernateRTCSet
00002055   HibernateWriteComplete
00001ced   IntEnable
0000208d   IntRegister
200003f4   PinData
00001121   RGBColorGet
0000106f   RGBColorSet
0000101d   RGBDisable
00000fad   RGBEnable
00000f21   RGBInit
0000110d   RGBIntensitySet
00001057   RGBSet
0000159b   RTC_Handler
00002295   ResetISR
UNDEFED    SHT$$INIT_ARRAY$$Base
UNDEFED    SHT$$INIT_ARRAY$$Limit
00001615   SysCtlClockGet
000017ed   SysCtlClockSet
000022a1   SysCtlDelay
00001db1   SysCtlPeripheralEnable
0000219d   TimerDisable
00002261   TimerEnable
0000220b   TimerMatchSet
000007cd   UARTStdioConfig
00000825   UARTStdioInit
0000083f   UARTStdioInitExpClk
00000967   UARTgetc
000008a7   UARTgets
00000999   UARTprintf
00000859   UARTwrite
2000036c   __STACK_END
00000100   __STACK_SIZE
2000036c   __STACK_TOP
000025f8   __TI_CINIT_Base
00002610   __TI_CINIT_Limit
000025dc   __TI_Handler_Table_Base
000025e8   __TI_Handler_Table_Limit
00000001   __TI_args_main
00001c59   __TI_auto_init
0000226f   __TI_decompress_none
000022a7   __TI_decompress_rle24
00000000   __TI_static_base__
0000221d   __TI_zero_init
00001bbd   __aeabi_memcpy
00001bbd   __aeabi_memcpy4
00001bbd   __aeabi_memcpy8
00002011   __aeabi_uidivmod
ffffffff   __binit__
ffffffff   __c_args__
2000026c   __stack
00002149   _args_main
00001f85   _c_int00
20000404   _cleanup_ptr
20000408   _dtors_ptr
200003fc   _lock
0000213d   _nop
00002137   _register_lock
00002131   _register_unlock
00001e09   _tvaltostr
200003e4   _tz
20000400   _unlock
00001fd1   abort
00001b15   asctime
200003d0   bChangeEnable
200003d4   bRTCUpdated
ffffffff   binit
00001ea5   copy_in
00002289   ctime
000002c5   dash
00000293   delay
0000026d   digitalWrite
0000029f   dot
00001fd9   exit
20000000   g_pfnRAMVectors
00000000   g_pfnVectors
000014e7   gettime
200003cc   i
200003e0   iChangeHour
200003dc   iChangeMin
0000140d   init_clock
000002eb   letterBreak
00001ef1   localtime
0000119d   main
20000418   main_func_sp
00001bbd   memcpy
200003f8   message
00000c7d   mktime
000014cd   printtime
0000144f   reinit
000014f5   runtime
200003d8   selector
00000319   send
00001487   settime
00002115   strcat
00002251   strcpy
200003c4   tt
000002f5   wordBreak


GLOBAL SYMBOLS: SORTED BY Symbol Address 

address    name
--------   ----
00000000   __TI_static_base__
00000000   g_pfnVectors
00000001   __TI_args_main
00000100   __STACK_SIZE
0000026d   digitalWrite
00000293   delay
0000029f   dot
000002c5   dash
000002eb   letterBreak
000002f5   wordBreak
00000319   send
000007cd   UARTStdioConfig
00000825   UARTStdioInit
0000083f   UARTStdioInitExpClk
00000859   UARTwrite
000008a7   UARTgets
00000967   UARTgetc
00000999   UARTprintf
00000c7d   mktime
00000f21   RGBInit
00000fad   RGBEnable
0000101d   RGBDisable
00001057   RGBSet
0000106f   RGBColorSet
0000110d   RGBIntensitySet
00001121   RGBColorGet
0000119d   main
0000140d   init_clock
0000144f   reinit
00001487   settime
000014cd   printtime
000014e7   gettime
000014f5   runtime
0000150b   Changetime
0000159b   RTC_Handler
00001615   SysCtlClockGet
000017ed   SysCtlClockSet
00001929   ButtonsPoll
000019d1   ButtonsInit
00001a4d   GPIOPadConfigSet
00001b15   asctime
00001bbd   __aeabi_memcpy
00001bbd   __aeabi_memcpy4
00001bbd   __aeabi_memcpy8
00001bbd   memcpy
00001c59   __TI_auto_init
00001ced   IntEnable
00001db1   SysCtlPeripheralEnable
00001e09   _tvaltostr
00001e59   HibernateEnableExpClk
00001ea5   copy_in
00001ef1   localtime
00001f3d   GPIOPinConfigure
00001f85   _c_int00
00001fcd   C$$EXIT
00001fd1   abort
00001fd9   exit
00002011   __aeabi_uidivmod
00002055   HibernateWriteComplete
0000208d   IntRegister
000020c1   GPIODirModeSet
000020f1   HibernateIntStatus
00002115   strcat
00002131   _register_unlock
00002137   _register_lock
0000213d   _nop
00002149   _args_main
00002161   HibernateIntClear
00002175   HibernateIntEnable
00002189   HibernateRTCEnable
0000219d   TimerDisable
000021b1   GPIOPinTypeGPIOInput
000021c3   GPIOPinTypeGPIOOutput
000021d5   GPIOPinTypeTimer
000021e7   GPIOPinTypeUART
000021f9   HibernateIntRegister
0000220b   TimerMatchSet
0000221d   __TI_zero_init
00002231   HibernateRTCMatch0Set
00002241   HibernateRTCSet
00002251   strcpy
00002261   TimerEnable
0000226f   __TI_decompress_none
0000227d   HibernateRTCGet
00002289   ctime
00002295   ResetISR
000022a1   SysCtlDelay
000022a7   __TI_decompress_rle24
000025dc   __TI_Handler_Table_Base
000025e8   __TI_Handler_Table_Limit
000025f8   __TI_CINIT_Base
00002610   __TI_CINIT_Limit
20000000   g_pfnRAMVectors
2000026c   __stack
2000036c   __STACK_END
2000036c   __STACK_TOP
200003c4   tt
200003cc   i
200003d0   bChangeEnable
200003d4   bRTCUpdated
200003d8   selector
200003dc   iChangeMin
200003e0   iChangeHour
200003e4   _tz
200003f4   PinData
200003f8   message
200003fc   _lock
20000400   _unlock
20000404   _cleanup_ptr
20000408   _dtors_ptr
20000418   main_func_sp
ffffffff   __binit__
ffffffff   __c_args__
ffffffff   binit
UNDEFED    SHT$$INIT_ARRAY$$Base
UNDEFED    SHT$$INIT_ARRAY$$Limit

[116 symbols]
