******************************************************************************
                  TMS470 Linker PC v4.9.5                      
******************************************************************************
>> Linked Sun Feb 10 15:17:57 2013

OUTPUT FILE NAME:   <MorseClock.out>
ENTRY POINT SYMBOL: "_c_int00"  address: 000019ed


MEMORY CONFIGURATION

         name            origin    length      used     unused   attr    fill
----------------------  --------  ---------  --------  --------  ----  --------
  FLASH                 00000000   00040000  00002084  0003df7c  R  X
  SRAM                  20000000   00008000  00000418  00007be8  RW X


SEGMENT ALLOCATION MAP

run origin  load origin   length   init length attrs members
----------  ----------- ---------- ----------- ----- -------
00000000    00000000    00002088   00002088    r-x
  00000000    00000000    0000026c   0000026c    r-- .intvecs
  0000026c    0000026c    00001ade   00001ade    r-x .text
  00001d4c    00001d4c    000002ba   000002ba    r-- .const
  00002008    00002008    00000080   00000080    r-- .cinit
20000000    20000000    0000036c   00000000    rw-
  20000000    20000000    0000026c   00000000    rw- .vtable
  2000026c    2000026c    00000100   00000000    rw- .stack
2000036c    2000036c    000000ac   00000058    rw-
  2000036c    2000036c    00000058   00000058    rw- .data
  200003c4    200003c4    00000054   00000000    rw- .bss


SECTION ALLOCATION MAP

 output                                  attributes/
section   page    origin      length       input sections
--------  ----  ----------  ----------   ----------------
.intvecs   0    00000000    0000026c     
                  00000000    0000026c     startup_ccs.obj (.intvecs)

.text      0    0000026c    00001ade     
                  0000026c    0000053a     Morse.obj (.text)
                  000007a6    00000002     --HOLE-- [fill = 0]
                  000007a8    0000047c     uartstdio.obj (.text)
                  00000c24    000002a4     rtsv7M4_T_le_v4SPD16_eabi.lib : mktime.obj (.text)
                  00000ec8    000001d8     driverlib-cm4f.lib : sysctl.obj (.text:SysCtlClockGet)
                  000010a0    00000148     Clock.obj (.text)
                  000011e8    0000013c     driverlib-cm4f.lib : sysctl.obj (.text:SysCtlClockSet)
                  00001324    00000118     main.obj (.text)
                  0000143c    000000c8     driverlib-cm4f.lib : gpio.obj (.text:GPIOPadConfigSet)
                  00001504    000000a8     rtsv7M4_T_le_v4SPD16_eabi.lib : asctime.obj (.text)
                  000015ac    0000009c                                   : memcpy_t2.obj (.text)
                  00001648    00000094                                   : auto_init.obj (.text)
                  000016dc    00000078     driverlib-cm4f.lib : sysctl.obj (.text:SysCtlPeripheralPresent)
                  00001754    00000064                        : interrupt.obj (.text:IntEnable)
                  000017b8    0000005e     rtsv7M4_T_le_v4SPD16_eabi.lib : copy_decompress_rle.obj (.text)
                  00001816    00000002     --HOLE-- [fill = 0]
                  00001818    00000058     driverlib-cm4f.lib : sysctl.obj (.text:SysCtlPeripheralEnable)
                  00001870    00000050     rtsv7M4_T_le_v4SPD16_eabi.lib : _tvaltostr.obj (.text)
                  000018c0    0000004c     driverlib-cm4f.lib : hibernate.obj (.text:HibernateEnableExpClk)
                  0000190c    0000004c     rtsv7M4_T_le_v4SPD16_eabi.lib : cpy_tbl.obj (.text)
                  00001958    0000004c                                   : localtim.obj (.text)
                  000019a4    00000048     driverlib-cm4f.lib : gpio.obj (.text:GPIOPinConfigure)
                  000019ec    00000048     rtsv7M4_T_le_v4SPD16_eabi.lib : boot.obj (.text)
                  00001a34    00000044                                   : exit.obj (.text)
                  00001a78    00000042     driverlib-cm4f.lib : uart.obj (.text:UARTConfigSetExpClk)
                  00001aba    00000042     rtsv7M4_T_le_v4SPD16_eabi.lib : u_divt2.obj (.text)
                  00001afc    00000038     driverlib-cm4f.lib : hibernate.obj (.text:HibernateWriteComplete)
                  00001b34    00000034                        : interrupt.obj (.text:IntRegister)
                  00001b68    0000002e                        : gpio.obj (.text:GPIODirModeSet)
                  00001b96    00000002     --HOLE-- [fill = 0]
                  00001b98    00000024                        : hibernate.obj (.text:HibernateIntStatus)
                  00001bbc    0000001c                        : uart.obj (.text:UARTDisable)
                  00001bd8    0000001a     rtsv7M4_T_le_v4SPD16_eabi.lib : strcat.obj (.text)
                  00001bf2    00000002     --HOLE-- [fill = 0]
                  00001bf4    00000018                                   : _lock.obj (.text)
                  00001c0c    00000018                                   : args_main.obj (.text)
                  00001c24    00000014     driverlib-cm4f.lib : hibernate.obj (.text:HibernateIntClear)
                  00001c38    00000014                        : hibernate.obj (.text:HibernateIntEnable)
                  00001c4c    00000014                        : hibernate.obj (.text:HibernateRTCEnable)
                  00001c60    00000014                        : uart.obj (.text:UARTEnable)
                  00001c74    00000012                        : gpio.obj (.text:GPIOPinTypeGPIOOutput)
                  00001c86    00000012                        : gpio.obj (.text:GPIOPinTypeUART)
                  00001c98    00000012                        : hibernate.obj (.text:HibernateIntRegister)
                  00001caa    00000012     rtsv7M4_T_le_v4SPD16_eabi.lib : copy_zero_init.obj (.text:decompress:ZI)
                  00001cbc    00000010     driverlib-cm4f.lib : hibernate.obj (.text:HibernateRTCMatch0Set)
                  00001ccc    00000010                        : hibernate.obj (.text:HibernateRTCSet)
                  00001cdc    00000010     rtsv7M4_T_le_v4SPD16_eabi.lib : strcpy.obj (.text)
                  00001cec    0000000e                                   : copy_decompress_none.obj (.text:decompress:none)
                  00001cfa    00000002     --HOLE-- [fill = 0]
                  00001cfc    0000000c     driverlib-cm4f.lib : hibernate.obj (.text:HibernateRTCGet)
                  00001d08    0000000c     rtsv7M4_T_le_v4SPD16_eabi.lib : ctime_.obj (.text)
                  00001d14    0000000c     startup_ccs.obj (.text)
                  00001d20    0000000a     driverlib-cm4f.lib : gpio.obj (.text:GPIOPinWrite)
                  00001d2a    0000000a                        : uart.obj (.text:UARTCharGet)
                  00001d34    0000000a                        : uart.obj (.text:UARTCharPut)
                  00001d3e    00000006                        : sysctl.obj (.text:SysCtlDelay)
                  00001d44    00000006     rtsv7M4_T_le_v4SPD16_eabi.lib : copy_decompress_rle.obj (.text:decompress:rle24)

.const     0    00001d4c    000002ba     
                  00001d4c    00000078     driverlib-cm4f.lib : gpio.obj (.const:g_pulGPIOBaseAddrs)
                  00001dc4    00000070                        : interrupt.obj (.const)
                  00001e34    0000006c                        : sysctl.obj (.const:g_pulXtals)
                  00001ea0    0000004c     rtsv7M4_T_le_v4SPD16_eabi.lib : asctime.obj (.const:.string)
                  00001eec    00000040     driverlib-cm4f.lib : sysctl.obj (.const)
                  00001f2c    00000030     rtsv7M4_T_le_v4SPD16_eabi.lib : asctime.obj (.const:mon)
                  00001f5c    00000030                                   : mktime.obj (.const:mon_day)
                  00001f8c    00000030                                   : mktime.obj (.const:mon_len)
                  00001fbc    0000001c                                   : asctime.obj (.const)
                  00001fd8    0000001c     uartstdio.obj (.const)
                  00001ff4    00000012     uartstdio.obj (.const:.string)

.cinit     0    00002008    00000080     
                  00002008    00000045     (.cinit..data.load) [load image, compression = rle]
                  0000204d    00000003     --HOLE-- [fill = 0]
                  00002050    0000000c     (__TI_handler_table)
                  0000205c    00000004     --HOLE-- [fill = 0]
                  00002060    00000008     (.cinit..bss.load) [load image, compression = zero_init]
                  00002068    00000008     (.cinit..vtable.load) [load image, compression = zero_init]
                  00002070    00000018     (__TI_cinit_table)

.vtable    0    20000000    0000026c     UNINITIALIZED
                  20000000    0000026c     driverlib-cm4f.lib : interrupt.obj (.vtable)

.stack     0    2000026c    00000100     UNINITIALIZED
                  2000026c    00000100     --HOLE--

.data      0    2000036c    00000058     
                  2000036c    00000024     main.obj (.data)
                  20000390    00000010     rtsv7M4_T_le_v4SPD16_eabi.lib : tmzone.obj (.data)
                  200003a0    00000008     Clock.obj (.data)
                  200003a8    00000008     rtsv7M4_T_le_v4SPD16_eabi.lib : _lock.obj (.data)
                  200003b0    00000008                                   : exit.obj (.data)
                  200003b8    00000005     uartstdio.obj (.data)
                  200003bd    00000003     --HOLE--
                  200003c0    00000004     rtsv7M4_T_le_v4SPD16_eabi.lib : stkdepth_vars.obj (.data)

.bss       0    200003c4    00000054     UNINITIALIZED
                  200003c4    00000024     rtsv7M4_T_le_v4SPD16_eabi.lib : localtim.obj (.bss:local$1)
                  200003e8    0000001c                                   : asctime.obj (.bss)
                  20000404    0000000c                                   : _tvaltostr.obj (.bss)
                  20000410    00000004     Clock.obj (.bss)
                  20000414    00000004     driverlib-cm4f.lib : hibernate.obj (.bss)


LINKER GENERATED COPY TABLES

__TI_cinit_table @ 00002070 records: 3, size/record: 8, table size: 24
	.data: load addr=00002008, load size=00000045 bytes, run addr=2000036c, run size=00000058 bytes, compression=rle
	.bss: load addr=00002060, load size=00000008 bytes, run addr=200003c4, run size=00000054 bytes, compression=zero_init
	.vtable: load addr=00002068, load size=00000008 bytes, run addr=20000000, run size=0000026c bytes, compression=zero_init


LINKER GENERATED HANDLER TABLE

__TI_handler_table @ 00002050 records: 3, size/record: 4, table size: 12
	index: 0, handler: __TI_zero_init
	index: 1, handler: __TI_decompress_rle24
	index: 2, handler: __TI_decompress_none


GLOBAL SYMBOLS: SORTED ALPHABETICALLY BY Name 

address    name
--------   ----
00001a35   C$$EXIT
00001b69   GPIODirModeSet
0000143d   GPIOPadConfigSet
000019a5   GPIOPinConfigure
00001c75   GPIOPinTypeGPIOOutput
00001c87   GPIOPinTypeUART
00001d21   GPIOPinWrite
000018c1   HibernateEnableExpClk
00001c25   HibernateIntClear
00001c39   HibernateIntEnable
00001c99   HibernateIntRegister
00001b99   HibernateIntStatus
00001c4d   HibernateRTCEnable
00001cfd   HibernateRTCGet
00001cbd   HibernateRTCMatch0Set
00001ccd   HibernateRTCSet
00001afd   HibernateWriteComplete
00001755   IntEnable
00001b35   IntRegister
2000036c   PinData
00001171   RTC_Handler
00001d15   ResetISR
UNDEFED    SHT$$INIT_ARRAY$$Base
UNDEFED    SHT$$INIT_ARRAY$$Limit
00000ec9   SysCtlClockGet
000011e9   SysCtlClockSet
00001d3f   SysCtlDelay
00001819   SysCtlPeripheralEnable
000016dd   SysCtlPeripheralPresent
00001d2b   UARTCharGet
00001d35   UARTCharPut
00001a79   UARTConfigSetExpClk
00001bbd   UARTDisable
00001c61   UARTEnable
000007a9   UARTStdioConfig
000007ef   UARTStdioInit
00000805   UARTStdioInitExpClk
00000919   UARTgetc
00000861   UARTgets
00000941   UARTprintf
0000081b   UARTwrite
2000036c   __STACK_END
00000100   __STACK_SIZE
2000036c   __STACK_TOP
00002070   __TI_CINIT_Base
00002088   __TI_CINIT_Limit
00002050   __TI_Handler_Table_Base
0000205c   __TI_Handler_Table_Limit
00000001   __TI_args_main
00001649   __TI_auto_init
00001ced   __TI_decompress_none
00001d45   __TI_decompress_rle24
00000000   __TI_static_base__
00001cab   __TI_zero_init
000015ad   __aeabi_memcpy
000015ad   __aeabi_memcpy4
000015ad   __aeabi_memcpy8
00001abb   __aeabi_uidivmod
ffffffff   __binit__
ffffffff   __c_args__
2000026c   __stack
00001c0d   _args_main
000019ed   _c_int00
200003b0   _cleanup_ptr
200003b4   _dtors_ptr
200003a8   _lock
00001c01   _nop
00001bfb   _register_lock
00001bf5   _register_unlock
00001871   _tvaltostr
20000390   _tz
200003ac   _unlock
00001a39   abort
00001505   asctime
ffffffff   binit
0000190d   copy_in
00001d09   ctime
000002ad   dash
00000281   delay
0000026d   digitalWrite
0000028d   dot
00001a41   exit
20000000   g_pfnRAMVectors
00000000   g_pfnVectors
00001141   gettime
200003a0   i
000010a1   init_clock
000002cd   letterBreak
00001959   localtime
00001325   main
200003c0   main_func_sp
000015ad   memcpy
20000370   message
2000037c   message2
00000c25   mktime
000010d9   reinit
0000115b   runtime
000002f5   send
00001111   settime
00001bd9   strcat
00001cdd   strcpy
20000410   tt
200003a4   updated
000002d7   wordBreak


GLOBAL SYMBOLS: SORTED BY Symbol Address 

address    name
--------   ----
00000000   __TI_static_base__
00000000   g_pfnVectors
00000001   __TI_args_main
00000100   __STACK_SIZE
0000026d   digitalWrite
00000281   delay
0000028d   dot
000002ad   dash
000002cd   letterBreak
000002d7   wordBreak
000002f5   send
000007a9   UARTStdioConfig
000007ef   UARTStdioInit
00000805   UARTStdioInitExpClk
0000081b   UARTwrite
00000861   UARTgets
00000919   UARTgetc
00000941   UARTprintf
00000c25   mktime
00000ec9   SysCtlClockGet
000010a1   init_clock
000010d9   reinit
00001111   settime
00001141   gettime
0000115b   runtime
00001171   RTC_Handler
000011e9   SysCtlClockSet
00001325   main
0000143d   GPIOPadConfigSet
00001505   asctime
000015ad   __aeabi_memcpy
000015ad   __aeabi_memcpy4
000015ad   __aeabi_memcpy8
000015ad   memcpy
00001649   __TI_auto_init
000016dd   SysCtlPeripheralPresent
00001755   IntEnable
00001819   SysCtlPeripheralEnable
00001871   _tvaltostr
000018c1   HibernateEnableExpClk
0000190d   copy_in
00001959   localtime
000019a5   GPIOPinConfigure
000019ed   _c_int00
00001a35   C$$EXIT
00001a39   abort
00001a41   exit
00001a79   UARTConfigSetExpClk
00001abb   __aeabi_uidivmod
00001afd   HibernateWriteComplete
00001b35   IntRegister
00001b69   GPIODirModeSet
00001b99   HibernateIntStatus
00001bbd   UARTDisable
00001bd9   strcat
00001bf5   _register_unlock
00001bfb   _register_lock
00001c01   _nop
00001c0d   _args_main
00001c25   HibernateIntClear
00001c39   HibernateIntEnable
00001c4d   HibernateRTCEnable
00001c61   UARTEnable
00001c75   GPIOPinTypeGPIOOutput
00001c87   GPIOPinTypeUART
00001c99   HibernateIntRegister
00001cab   __TI_zero_init
00001cbd   HibernateRTCMatch0Set
00001ccd   HibernateRTCSet
00001cdd   strcpy
00001ced   __TI_decompress_none
00001cfd   HibernateRTCGet
00001d09   ctime
00001d15   ResetISR
00001d21   GPIOPinWrite
00001d2b   UARTCharGet
00001d35   UARTCharPut
00001d3f   SysCtlDelay
00001d45   __TI_decompress_rle24
00002050   __TI_Handler_Table_Base
0000205c   __TI_Handler_Table_Limit
00002070   __TI_CINIT_Base
00002088   __TI_CINIT_Limit
20000000   g_pfnRAMVectors
2000026c   __stack
2000036c   PinData
2000036c   __STACK_END
2000036c   __STACK_TOP
20000370   message
2000037c   message2
20000390   _tz
200003a0   i
200003a4   updated
200003a8   _lock
200003ac   _unlock
200003b0   _cleanup_ptr
200003b4   _dtors_ptr
200003c0   main_func_sp
20000410   tt
ffffffff   __binit__
ffffffff   __c_args__
ffffffff   binit
UNDEFED    SHT$$INIT_ARRAY$$Base
UNDEFED    SHT$$INIT_ARRAY$$Limit

[104 symbols]
