******************************************************************************
                  TMS470 Linker PC v4.9.5                      
******************************************************************************
>> Linked Sun Feb 10 12:57:41 2013

OUTPUT FILE NAME:   <MorseClock.out>
ENTRY POINT SYMBOL: "_c_int00"  address: 00000ec9


MEMORY CONFIGURATION

         name            origin    length      used     unused   attr    fill
----------------------  --------  ---------  --------  --------  ----  --------
  FLASH                 00000000   00040000  00001206  0003edfa  R  X
  SRAM                  20000000   00008000  00000148  00007eb8  RW X


SEGMENT ALLOCATION MAP

run origin  load origin   length   init length attrs members
----------  ----------- ---------- ----------- ----- -------
00000000    00000000    00001208   00001208    r-x
  00000000    00000000    0000026c   0000026c    r-- .intvecs
  0000026c    0000026c    00000e86   00000e86    r-x .text
  000010f4    000010f4    000000ac   000000ac    r-- .const
  000011a0    000011a0    00000068   00000068    r-- .cinit
20000000    20000000    00000100   00000000    rw-
  20000000    20000000    00000100   00000000    rw- .stack
20000100    20000100    00000048   00000044    rw-
  20000100    20000100    00000044   00000044    rw- .data
  20000144    20000144    00000004   00000000    rw- .bss


SECTION ALLOCATION MAP

 output                                  attributes/
section   page    origin      length       input sections
--------  ----  ----------  ----------   ----------------
.intvecs   0    00000000    0000026c     
                  00000000    0000026c     startup_ccs.obj (.intvecs)

.text      0    0000026c    00000e86     
                  0000026c    0000053a     Morse.obj (.text)
                  000007a6    00000002     --HOLE-- [fill = 0]
                  000007a8    000001d8     driverlib-cm4f.lib : sysctl.obj (.text:SysCtlClockGet)
                  00000980    0000013c                        : sysctl.obj (.text:SysCtlClockSet)
                  00000abc    000000c8                        : gpio.obj (.text:GPIOPadConfigSet)
                  00000b84    000000c4     main.obj (.text)
                  00000c48    0000009c     rtsv7M4_T_le_v4SPD16_eabi.lib : memcpy_t2.obj (.text)
                  00000ce4    00000094                                   : auto_init.obj (.text)
                  00000d78    0000005e                                   : copy_decompress_rle.obj (.text)
                  00000dd6    00000002     --HOLE-- [fill = 0]
                  00000dd8    00000058     driverlib-cm4f.lib : sysctl.obj (.text:SysCtlPeripheralEnable)
                  00000e30    0000004c                        : hibernate.obj (.text:HibernateEnableExpClk)
                  00000e7c    0000004c     rtsv7M4_T_le_v4SPD16_eabi.lib : cpy_tbl.obj (.text)
                  00000ec8    00000048                                   : boot.obj (.text)
                  00000f10    00000044                                   : exit.obj (.text)
                  00000f54    00000038     driverlib-cm4f.lib : hibernate.obj (.text:HibernateWriteComplete)
                  00000f8c    0000002e                        : gpio.obj (.text:GPIODirModeSet)
                  00000fba    00000002     --HOLE-- [fill = 0]
                  00000fbc    00000024                        : hibernate.obj (.text:HibernateIntStatus)
                  00000fe0    00000018     rtsv7M4_T_le_v4SPD16_eabi.lib : _lock.obj (.text)
                  00000ff8    00000018                                   : args_main.obj (.text)
                  00001010    00000014     driverlib-cm4f.lib : hibernate.obj (.text:HibernateGPIORetentionEnable)
                  00001024    00000014                        : hibernate.obj (.text:HibernateRTCEnable)
                  00001038    00000014                        : hibernate.obj (.text:HibernateRequest)
                  0000104c    00000014                        : hibernate.obj (.text:HibernateWakeSet)
                  00001060    00000012                        : gpio.obj (.text:GPIOPinTypeGPIOOutput)
                  00001072    00000012     rtsv7M4_T_le_v4SPD16_eabi.lib : copy_zero_init.obj (.text:decompress:ZI)
                  00001084    00000010     driverlib-cm4f.lib : hibernate.obj (.text:HibernateIsActive)
                  00001094    00000010                        : hibernate.obj (.text:HibernateRTCMatch0Set)
                  000010a4    00000010                        : hibernate.obj (.text:HibernateRTCSet)
                  000010b4    0000000e     rtsv7M4_T_le_v4SPD16_eabi.lib : copy_decompress_none.obj (.text:decompress:none)
                  000010c2    00000002     --HOLE-- [fill = 0]
                  000010c4    0000000c     driverlib-cm4f.lib : hibernate.obj (.text:HibernateRTCGet)
                  000010d0    0000000c     startup_ccs.obj (.text)
                  000010dc    0000000a     driverlib-cm4f.lib : gpio.obj (.text:GPIOPinWrite)
                  000010e6    00000006                        : sysctl.obj (.text:SysCtlDelay)
                  000010ec    00000006     rtsv7M4_T_le_v4SPD16_eabi.lib : copy_decompress_rle.obj (.text:decompress:rle24)

.const     0    000010f4    000000ac     
                  000010f4    0000006c     driverlib-cm4f.lib : sysctl.obj (.const:g_pulXtals)
                  00001160    00000040                        : sysctl.obj (.const)

.cinit     0    000011a0    00000068     
                  000011a0    0000003f     (.cinit..data.load) [load image, compression = rle]
                  000011df    00000001     --HOLE-- [fill = 0]
                  000011e0    0000000c     (__TI_handler_table)
                  000011ec    00000004     --HOLE-- [fill = 0]
                  000011f0    00000008     (.cinit..bss.load) [load image, compression = zero_init]
                  000011f8    00000010     (__TI_cinit_table)

.stack     0    20000000    00000100     UNINITIALIZED
                  20000000    00000100     --HOLE--

.data      0    20000100    00000044     
                  20000100    0000002e     main.obj (.data)
                  2000012e    00000002     --HOLE--
                  20000130    00000008     rtsv7M4_T_le_v4SPD16_eabi.lib : _lock.obj (.data)
                  20000138    00000008                                   : exit.obj (.data)
                  20000140    00000004                                   : stkdepth_vars.obj (.data)

.bss       0    20000144    00000004     UNINITIALIZED
                  20000144    00000004     driverlib-cm4f.lib : hibernate.obj (.bss)


LINKER GENERATED COPY TABLES

__TI_cinit_table @ 000011f8 records: 2, size/record: 8, table size: 16
	.data: load addr=000011a0, load size=0000003f bytes, run addr=20000100, run size=00000044 bytes, compression=rle
	.bss: load addr=000011f0, load size=00000008 bytes, run addr=20000144, run size=00000004 bytes, compression=zero_init


LINKER GENERATED HANDLER TABLE

__TI_handler_table @ 000011e0 records: 3, size/record: 4, table size: 12
	index: 0, handler: __TI_decompress_rle24
	index: 1, handler: __TI_decompress_none
	index: 2, handler: __TI_zero_init


GLOBAL SYMBOLS: SORTED ALPHABETICALLY BY Name 

address    name
--------   ----
00000f11   C$$EXIT
00000f8d   GPIODirModeSet
00000abd   GPIOPadConfigSet
00001061   GPIOPinTypeGPIOOutput
000010dd   GPIOPinWrite
00000e31   HibernateEnableExpClk
00001011   HibernateGPIORetentionEnable
00000fbd   HibernateIntStatus
00001085   HibernateIsActive
00001025   HibernateRTCEnable
000010c5   HibernateRTCGet
00001095   HibernateRTCMatch0Set
000010a5   HibernateRTCSet
00001039   HibernateRequest
0000104d   HibernateWakeSet
00000f55   HibernateWriteComplete
20000100   PinData
000010d1   ResetISR
UNDEFED    SHT$$INIT_ARRAY$$Base
UNDEFED    SHT$$INIT_ARRAY$$Limit
000007a9   SysCtlClockGet
00000981   SysCtlClockSet
000010e7   SysCtlDelay
00000dd9   SysCtlPeripheralEnable
20000100   __STACK_END
00000100   __STACK_SIZE
20000100   __STACK_TOP
000011f8   __TI_CINIT_Base
00001208   __TI_CINIT_Limit
000011e0   __TI_Handler_Table_Base
000011ec   __TI_Handler_Table_Limit
00000001   __TI_args_main
00000ce5   __TI_auto_init
000010b5   __TI_decompress_none
000010ed   __TI_decompress_rle24
00000000   __TI_static_base__
00001073   __TI_zero_init
00000c49   __aeabi_memcpy
00000c49   __aeabi_memcpy4
00000c49   __aeabi_memcpy8
ffffffff   __binit__
ffffffff   __c_args__
20000000   __stack
00000ff9   _args_main
00000ec9   _c_int00
20000138   _cleanup_ptr
2000013c   _dtors_ptr
20000130   _lock
00000fed   _nop
00000fe7   _register_lock
00000fe1   _register_unlock
20000134   _unlock
00000f15   abort
ffffffff   binit
00000e7d   copy_in
000002ad   dash
00000281   delay
0000026d   digitalWrite
0000028d   dot
00000f1d   exit
00000000   g_pfnVectors
000002cd   letterBreak
00000b85   main
20000140   main_func_sp
00000c49   memcpy
20000104   message
2000011a   message2
000002f5   send
000002d7   wordBreak


GLOBAL SYMBOLS: SORTED BY Symbol Address 

address    name
--------   ----
00000000   __TI_static_base__
00000000   g_pfnVectors
00000001   __TI_args_main
00000100   __STACK_SIZE
0000026d   digitalWrite
00000281   delay
0000028d   dot
000002ad   dash
000002cd   letterBreak
000002d7   wordBreak
000002f5   send
000007a9   SysCtlClockGet
00000981   SysCtlClockSet
00000abd   GPIOPadConfigSet
00000b85   main
00000c49   __aeabi_memcpy
00000c49   __aeabi_memcpy4
00000c49   __aeabi_memcpy8
00000c49   memcpy
00000ce5   __TI_auto_init
00000dd9   SysCtlPeripheralEnable
00000e31   HibernateEnableExpClk
00000e7d   copy_in
00000ec9   _c_int00
00000f11   C$$EXIT
00000f15   abort
00000f1d   exit
00000f55   HibernateWriteComplete
00000f8d   GPIODirModeSet
00000fbd   HibernateIntStatus
00000fe1   _register_unlock
00000fe7   _register_lock
00000fed   _nop
00000ff9   _args_main
00001011   HibernateGPIORetentionEnable
00001025   HibernateRTCEnable
00001039   HibernateRequest
0000104d   HibernateWakeSet
00001061   GPIOPinTypeGPIOOutput
00001073   __TI_zero_init
00001085   HibernateIsActive
00001095   HibernateRTCMatch0Set
000010a5   HibernateRTCSet
000010b5   __TI_decompress_none
000010c5   HibernateRTCGet
000010d1   ResetISR
000010dd   GPIOPinWrite
000010e7   SysCtlDelay
000010ed   __TI_decompress_rle24
000011e0   __TI_Handler_Table_Base
000011ec   __TI_Handler_Table_Limit
000011f8   __TI_CINIT_Base
00001208   __TI_CINIT_Limit
20000000   __stack
20000100   PinData
20000100   __STACK_END
20000100   __STACK_TOP
20000104   message
2000011a   message2
20000130   _lock
20000134   _unlock
20000138   _cleanup_ptr
2000013c   _dtors_ptr
20000140   main_func_sp
ffffffff   __binit__
ffffffff   __c_args__
ffffffff   binit
UNDEFED    SHT$$INIT_ARRAY$$Base
UNDEFED    SHT$$INIT_ARRAY$$Limit

[69 symbols]
