******************************************************************************
                  TMS470 Linker PC v4.9.5                      
******************************************************************************
>> Linked Sun Feb 10 17:23:57 2013

OUTPUT FILE NAME:   <MorseClock.out>
ENTRY POINT SYMBOL: "_c_int00"  address: 00001f5d


MEMORY CONFIGURATION

         name            origin    length      used     unused   attr    fill
----------------------  --------  ---------  --------  --------  ----  --------
  FLASH                 00000000   00040000  000025fc  0003da04  R  X
  SRAM                  20000000   00008000  00000433  00007bcd  RW X


SEGMENT ALLOCATION MAP

run origin  load origin   length   init length attrs members
----------  ----------- ---------- ----------- ----- -------
00000000    00000000    00002600   00002600    r-x
  00000000    00000000    0000026c   0000026c    r-- .intvecs
  0000026c    0000026c    00002018   00002018    r-x .text
  00002284    00002284    000002f8   000002f8    r-- .const
  00002580    00002580    00000080   00000080    r-- .cinit
20000000    20000000    0000036c   00000000    rw-
  20000000    20000000    0000026c   00000000    rw- .vtable
  2000026c    2000026c    00000100   00000000    rw- .stack
2000036c    2000036c    000000c8   00000067    rw-
  2000036c    2000036c    00000067   00000067    rw- .data
  200003d4    200003d4    00000060   00000000    rw- .bss


SECTION ALLOCATION MAP

 output                                  attributes/
section   page    origin      length       input sections
--------  ----  ----------  ----------   ----------------
.intvecs   0    00000000    0000026c     
                  00000000    0000026c     startup_ccs.obj (.intvecs)

.text      0    0000026c    00002018     
                  0000026c    0000055e     Morse.obj (.text)
                  000007ca    00000002     --HOLE-- [fill = 0]
                  000007cc    000004b0     uartstdio.obj (.text)
                  00000c7c    000002a4     rtsv7M4_T_le_v4SPD16_eabi.lib : mktime.obj (.text)
                  00000f20    0000027c     rgb.obj (.text)
                  0000119c    00000258     main.obj (.text)
                  000013f4    000001f8     Clock.obj (.text)
                  000015ec    000001d8     driverlib-cm4f.lib : sysctl.obj (.text:SysCtlClockGet)
                  000017c4    0000013c                        : sysctl.obj (.text:SysCtlClockSet)
                  00001900    00000124     buttons.obj (.text)
                  00001a24    000000c8     driverlib-cm4f.lib : gpio.obj (.text:GPIOPadConfigSet)
                  00001aec    000000a8     rtsv7M4_T_le_v4SPD16_eabi.lib : asctime.obj (.text)
                  00001b94    0000009c                                   : memcpy_t2.obj (.text)
                  00001c30    00000094                                   : auto_init.obj (.text)
                  00001cc4    00000064     driverlib-cm4f.lib : interrupt.obj (.text:IntEnable)
                  00001d28    0000005e     rtsv7M4_T_le_v4SPD16_eabi.lib : copy_decompress_rle.obj (.text)
                  00001d86    00000002     --HOLE-- [fill = 0]
                  00001d88    00000058     driverlib-cm4f.lib : sysctl.obj (.text:SysCtlPeripheralEnable)
                  00001de0    00000050     rtsv7M4_T_le_v4SPD16_eabi.lib : _tvaltostr.obj (.text)
                  00001e30    0000004c     driverlib-cm4f.lib : hibernate.obj (.text:HibernateEnableExpClk)
                  00001e7c    0000004c     rtsv7M4_T_le_v4SPD16_eabi.lib : cpy_tbl.obj (.text)
                  00001ec8    0000004c                                   : localtim.obj (.text)
                  00001f14    00000048     driverlib-cm4f.lib : gpio.obj (.text:GPIOPinConfigure)
                  00001f5c    00000048     rtsv7M4_T_le_v4SPD16_eabi.lib : boot.obj (.text)
                  00001fa4    00000044                                   : exit.obj (.text)
                  00001fe8    00000042                                   : u_divt2.obj (.text)
                  0000202a    00000002     --HOLE-- [fill = 0]
                  0000202c    00000038     driverlib-cm4f.lib : hibernate.obj (.text:HibernateWriteComplete)
                  00002064    00000034                        : interrupt.obj (.text:IntRegister)
                  00002098    0000002e                        : gpio.obj (.text:GPIODirModeSet)
                  000020c6    00000002     --HOLE-- [fill = 0]
                  000020c8    00000024                        : hibernate.obj (.text:HibernateIntStatus)
                  000020ec    0000001a     rtsv7M4_T_le_v4SPD16_eabi.lib : strcat.obj (.text)
                  00002106    00000002     --HOLE-- [fill = 0]
                  00002108    00000018                                   : _lock.obj (.text)
                  00002120    00000018                                   : args_main.obj (.text)
                  00002138    00000014     driverlib-cm4f.lib : hibernate.obj (.text:HibernateIntClear)
                  0000214c    00000014                        : hibernate.obj (.text:HibernateIntEnable)
                  00002160    00000014                        : hibernate.obj (.text:HibernateRTCEnable)
                  00002174    00000014                        : timer.obj (.text:TimerDisable)
                  00002188    00000012                        : gpio.obj (.text:GPIOPinTypeGPIOInput)
                  0000219a    00000012                        : gpio.obj (.text:GPIOPinTypeGPIOOutput)
                  000021ac    00000012                        : gpio.obj (.text:GPIOPinTypeTimer)
                  000021be    00000012                        : gpio.obj (.text:GPIOPinTypeUART)
                  000021d0    00000012                        : hibernate.obj (.text:HibernateIntRegister)
                  000021e2    00000012                        : timer.obj (.text:TimerMatchSet)
                  000021f4    00000012     rtsv7M4_T_le_v4SPD16_eabi.lib : copy_zero_init.obj (.text:decompress:ZI)
                  00002206    00000002     --HOLE-- [fill = 0]
                  00002208    00000010     driverlib-cm4f.lib : hibernate.obj (.text:HibernateRTCMatch0Set)
                  00002218    00000010                        : hibernate.obj (.text:HibernateRTCSet)
                  00002228    00000010     rtsv7M4_T_le_v4SPD16_eabi.lib : strcpy.obj (.text)
                  00002238    0000000e     driverlib-cm4f.lib : timer.obj (.text:TimerEnable)
                  00002246    0000000e     rtsv7M4_T_le_v4SPD16_eabi.lib : copy_decompress_none.obj (.text:decompress:none)
                  00002254    0000000c     driverlib-cm4f.lib : hibernate.obj (.text:HibernateRTCGet)
                  00002260    0000000c     rtsv7M4_T_le_v4SPD16_eabi.lib : ctime_.obj (.text)
                  0000226c    0000000c     startup_ccs.obj (.text)
                  00002278    00000006     driverlib-cm4f.lib : sysctl.obj (.text:SysCtlDelay)
                  0000227e    00000006     rtsv7M4_T_le_v4SPD16_eabi.lib : copy_decompress_rle.obj (.text:decompress:rle24)

.const     0    00002284    000002f8     
                  00002284    00000078     driverlib-cm4f.lib : gpio.obj (.const:g_pulGPIOBaseAddrs)
                  000022fc    00000070                        : interrupt.obj (.const)
                  0000236c    0000006c                        : sysctl.obj (.const:g_pulXtals)
                  000023d8    0000004c     rtsv7M4_T_le_v4SPD16_eabi.lib : asctime.obj (.const:.string)
                  00002424    00000040     driverlib-cm4f.lib : sysctl.obj (.const)
                  00002464    00000030     main.obj (.const)
                  00002494    00000030     rtsv7M4_T_le_v4SPD16_eabi.lib : asctime.obj (.const:mon)
                  000024c4    00000030                                   : mktime.obj (.const:mon_day)
                  000024f4    00000030                                   : mktime.obj (.const:mon_len)
                  00002524    0000001c                                   : asctime.obj (.const)
                  00002540    0000001c     uartstdio.obj (.const)
                  0000255c    00000012     uartstdio.obj (.const:.string)
                  0000256e    00000002     --HOLE-- [fill = 0]
                  00002570    0000000c     Morse.obj (.const)

.cinit     0    00002580    00000080     
                  00002580    00000047     (.cinit..data.load) [load image, compression = rle]
                  000025c7    00000001     --HOLE-- [fill = 0]
                  000025c8    0000000c     (__TI_handler_table)
                  000025d4    00000004     --HOLE-- [fill = 0]
                  000025d8    00000008     (.cinit..bss.load) [load image, compression = zero_init]
                  000025e0    00000008     (.cinit..vtable.load) [load image, compression = zero_init]
                  000025e8    00000018     (__TI_cinit_table)

.vtable    0    20000000    0000026c     UNINITIALIZED
                  20000000    0000026c     driverlib-cm4f.lib : interrupt.obj (.vtable)

.stack     0    2000026c    00000100     UNINITIALIZED
                  2000026c    00000100     --HOLE--

.data      0    2000036c    00000067     
                  2000036c    0000001c     main.obj (.data)
                  20000388    00000018     Clock.obj (.data)
                  200003a0    00000010     rtsv7M4_T_le_v4SPD16_eabi.lib : tmzone.obj (.data)
                  200003b0    00000008                                   : _lock.obj (.data)
                  200003b8    00000008                                   : exit.obj (.data)
                  200003c0    00000005     uartstdio.obj (.data)
                  200003c5    00000003     --HOLE--
                  200003c8    00000004     rgb.obj (.data)
                  200003cc    00000004     rtsv7M4_T_le_v4SPD16_eabi.lib : stkdepth_vars.obj (.data)
                  200003d0    00000003     buttons.obj (.data)

.bss       0    200003d4    00000060     UNINITIALIZED
                  200003d4    00000024     rtsv7M4_T_le_v4SPD16_eabi.lib : localtim.obj (.bss:local$1)
                  200003f8    0000001c                                   : asctime.obj (.bss)
                  20000414    0000000c     rgb.obj (.bss)
                  20000420    0000000c     rtsv7M4_T_le_v4SPD16_eabi.lib : _tvaltostr.obj (.bss)
                  2000042c    00000004     Clock.obj (.bss)
                  20000430    00000004     driverlib-cm4f.lib : hibernate.obj (.bss)


LINKER GENERATED COPY TABLES

__TI_cinit_table @ 000025e8 records: 3, size/record: 8, table size: 24
	.data: load addr=00002580, load size=00000047 bytes, run addr=2000036c, run size=00000067 bytes, compression=rle
	.bss: load addr=000025d8, load size=00000008 bytes, run addr=200003d4, run size=00000060 bytes, compression=zero_init
	.vtable: load addr=000025e0, load size=00000008 bytes, run addr=20000000, run size=0000026c bytes, compression=zero_init


LINKER GENERATED HANDLER TABLE

__TI_handler_table @ 000025c8 records: 3, size/record: 4, table size: 12
	index: 0, handler: __TI_zero_init
	index: 1, handler: __TI_decompress_rle24
	index: 2, handler: __TI_decompress_none


GLOBAL SYMBOLS: SORTED ALPHABETICALLY BY Name 

address    name
--------   ----
000019a9   ButtonsInit
00001901   ButtonsPoll
00001fa5   C$$EXIT
000014e5   Changetime
00002099   GPIODirModeSet
00001a25   GPIOPadConfigSet
00001f15   GPIOPinConfigure
00002189   GPIOPinTypeGPIOInput
0000219b   GPIOPinTypeGPIOOutput
000021ad   GPIOPinTypeTimer
000021bf   GPIOPinTypeUART
00001e31   HibernateEnableExpClk
00002139   HibernateIntClear
0000214d   HibernateIntEnable
000021d1   HibernateIntRegister
000020c9   HibernateIntStatus
00002161   HibernateRTCEnable
00002255   HibernateRTCGet
00002209   HibernateRTCMatch0Set
00002219   HibernateRTCSet
0000202d   HibernateWriteComplete
00001cc5   IntEnable
00002065   IntRegister
2000036c   PinData
00001121   RGBColorGet
0000106f   RGBColorSet
0000101d   RGBDisable
00000fad   RGBEnable
00000f21   RGBInit
0000110d   RGBIntensitySet
00001057   RGBSet
00001575   RTC_Handler
0000226d   ResetISR
UNDEFED    SHT$$INIT_ARRAY$$Base
UNDEFED    SHT$$INIT_ARRAY$$Limit
000015ed   SysCtlClockGet
000017c5   SysCtlClockSet
00002279   SysCtlDelay
00001d89   SysCtlPeripheralEnable
00002175   TimerDisable
00002239   TimerEnable
000021e3   TimerMatchSet
000007cd   UARTStdioConfig
00000825   UARTStdioInit
0000083f   UARTStdioInitExpClk
00000967   UARTgetc
000008a7   UARTgets
00000999   UARTprintf
00000859   UARTwrite
2000036c   __STACK_END
00000100   __STACK_SIZE
2000036c   __STACK_TOP
000025e8   __TI_CINIT_Base
00002600   __TI_CINIT_Limit
000025c8   __TI_Handler_Table_Base
000025d4   __TI_Handler_Table_Limit
00000001   __TI_args_main
00001c31   __TI_auto_init
00002247   __TI_decompress_none
0000227f   __TI_decompress_rle24
00000000   __TI_static_base__
000021f5   __TI_zero_init
00001b95   __aeabi_memcpy
00001b95   __aeabi_memcpy4
00001b95   __aeabi_memcpy8
00001fe9   __aeabi_uidivmod
ffffffff   __binit__
ffffffff   __c_args__
2000026c   __stack
00002121   _args_main
00001f5d   _c_int00
200003b8   _cleanup_ptr
200003bc   _dtors_ptr
200003b0   _lock
00002115   _nop
0000210f   _register_lock
00002109   _register_unlock
00001de1   _tvaltostr
200003a0   _tz
200003b4   _unlock
00001fa9   abort
00001aed   asctime
20000390   bChangeEnable
ffffffff   binit
00001e7d   copy_in
00002261   ctime
000002c5   dash
00000293   delay
0000026d   digitalWrite
0000029f   dot
00001fb1   exit
20000000   g_pfnRAMVectors
00000000   g_pfnVectors
20000388   i
2000039c   iChangeHour
20000398   iChangeMin
000013f5   init_clock
000002eb   letterBreak
00001ec9   localtime
0000119d   main
200003cc   main_func_sp
00001b95   memcpy
20000370   message
20000374   message2
00000c7d   mktime
000014b5   printtime
00001437   reinit
000014cf   runtime
20000394   selector
00000319   send
0000146f   settime
000020ed   strcat
00002229   strcpy
2000042c   tt
2000038c   updated
000002f5   wordBreak


GLOBAL SYMBOLS: SORTED BY Symbol Address 

address    name
--------   ----
00000000   __TI_static_base__
00000000   g_pfnVectors
00000001   __TI_args_main
00000100   __STACK_SIZE
0000026d   digitalWrite
00000293   delay
0000029f   dot
000002c5   dash
000002eb   letterBreak
000002f5   wordBreak
00000319   send
000007cd   UARTStdioConfig
00000825   UARTStdioInit
0000083f   UARTStdioInitExpClk
00000859   UARTwrite
000008a7   UARTgets
00000967   UARTgetc
00000999   UARTprintf
00000c7d   mktime
00000f21   RGBInit
00000fad   RGBEnable
0000101d   RGBDisable
00001057   RGBSet
0000106f   RGBColorSet
0000110d   RGBIntensitySet
00001121   RGBColorGet
0000119d   main
000013f5   init_clock
00001437   reinit
0000146f   settime
000014b5   printtime
000014cf   runtime
000014e5   Changetime
00001575   RTC_Handler
000015ed   SysCtlClockGet
000017c5   SysCtlClockSet
00001901   ButtonsPoll
000019a9   ButtonsInit
00001a25   GPIOPadConfigSet
00001aed   asctime
00001b95   __aeabi_memcpy
00001b95   __aeabi_memcpy4
00001b95   __aeabi_memcpy8
00001b95   memcpy
00001c31   __TI_auto_init
00001cc5   IntEnable
00001d89   SysCtlPeripheralEnable
00001de1   _tvaltostr
00001e31   HibernateEnableExpClk
00001e7d   copy_in
00001ec9   localtime
00001f15   GPIOPinConfigure
00001f5d   _c_int00
00001fa5   C$$EXIT
00001fa9   abort
00001fb1   exit
00001fe9   __aeabi_uidivmod
0000202d   HibernateWriteComplete
00002065   IntRegister
00002099   GPIODirModeSet
000020c9   HibernateIntStatus
000020ed   strcat
00002109   _register_unlock
0000210f   _register_lock
00002115   _nop
00002121   _args_main
00002139   HibernateIntClear
0000214d   HibernateIntEnable
00002161   HibernateRTCEnable
00002175   TimerDisable
00002189   GPIOPinTypeGPIOInput
0000219b   GPIOPinTypeGPIOOutput
000021ad   GPIOPinTypeTimer
000021bf   GPIOPinTypeUART
000021d1   HibernateIntRegister
000021e3   TimerMatchSet
000021f5   __TI_zero_init
00002209   HibernateRTCMatch0Set
00002219   HibernateRTCSet
00002229   strcpy
00002239   TimerEnable
00002247   __TI_decompress_none
00002255   HibernateRTCGet
00002261   ctime
0000226d   ResetISR
00002279   SysCtlDelay
0000227f   __TI_decompress_rle24
000025c8   __TI_Handler_Table_Base
000025d4   __TI_Handler_Table_Limit
000025e8   __TI_CINIT_Base
00002600   __TI_CINIT_Limit
20000000   g_pfnRAMVectors
2000026c   __stack
2000036c   PinData
2000036c   __STACK_END
2000036c   __STACK_TOP
20000370   message
20000374   message2
20000388   i
2000038c   updated
20000390   bChangeEnable
20000394   selector
20000398   iChangeMin
2000039c   iChangeHour
200003a0   _tz
200003b0   _lock
200003b4   _unlock
200003b8   _cleanup_ptr
200003bc   _dtors_ptr
200003cc   main_func_sp
2000042c   tt
ffffffff   __binit__
ffffffff   __c_args__
ffffffff   binit
UNDEFED    SHT$$INIT_ARRAY$$Base
UNDEFED    SHT$$INIT_ARRAY$$Limit

[116 symbols]
