******************************************************************************
                  TMS470 Linker PC v4.9.5                      
******************************************************************************
>> Linked Sun Feb 10 14:51:27 2013

OUTPUT FILE NAME:   <MorseClock.out>
ENTRY POINT SYMBOL: "_c_int00"  address: 000013e5


MEMORY CONFIGURATION

         name            origin    length      used     unused   attr    fill
----------------------  --------  ---------  --------  --------  ----  --------
  FLASH                 00000000   00040000  0000193a  0003e6c6  R  X
  SRAM                  20000000   00008000  0000040c  00007bf4  RW X


SEGMENT ALLOCATION MAP

run origin  load origin   length   init length attrs members
----------  ----------- ---------- ----------- ----- -------
00000000    00000000    00001940   00001940    r-x
  00000000    00000000    0000026c   0000026c    r-- .intvecs
  0000026c    0000026c    00001442   00001442    r-x .text
  000016b0    000016b0    00000214   00000214    r-- .const
  000018c8    000018c8    00000078   00000078    r-- .cinit
20000000    20000000    000003c0   00000000    rw-
  20000000    20000000    0000026c   00000000    rw- .vtable
  2000026c    2000026c    00000100   00000000    rw- .stack
  2000036c    2000036c    00000054   00000000    rw- .bss
200003c0    200003c0    0000004c   0000004c    rw-
  200003c0    200003c0    0000004c   0000004c    rw- .data


SECTION ALLOCATION MAP

 output                                  attributes/
section   page    origin      length       input sections
--------  ----  ----------  ----------   ----------------
.intvecs   0    00000000    0000026c     
                  00000000    0000026c     startup_ccs.obj (.intvecs)

.text      0    0000026c    00001442     
                  0000026c    0000053a     Morse.obj (.text)
                  000007a6    00000002     --HOLE-- [fill = 0]
                  000007a8    000002a4     rtsv7M4_T_le_v4SPD16_eabi.lib : mktime.obj (.text)
                  00000a4c    000001d8     driverlib-cm4f.lib : sysctl.obj (.text:SysCtlClockGet)
                  00000c24    0000013c                        : sysctl.obj (.text:SysCtlClockSet)
                  00000d60    0000011c     Clock.obj (.text)
                  00000e7c    000000c8     driverlib-cm4f.lib : gpio.obj (.text:GPIOPadConfigSet)
                  00000f44    000000a8     rtsv7M4_T_le_v4SPD16_eabi.lib : asctime.obj (.text)
                  00000fec    0000009c                                   : memcpy_t2.obj (.text)
                  00001088    00000094                                   : auto_init.obj (.text)
                  0000111c    00000078     main.obj (.text)
                  00001194    00000064     driverlib-cm4f.lib : interrupt.obj (.text:IntEnable)
                  000011f8    0000005e     rtsv7M4_T_le_v4SPD16_eabi.lib : copy_decompress_rle.obj (.text)
                  00001256    00000002     --HOLE-- [fill = 0]
                  00001258    00000058     driverlib-cm4f.lib : sysctl.obj (.text:SysCtlPeripheralEnable)
                  000012b0    00000050     rtsv7M4_T_le_v4SPD16_eabi.lib : _tvaltostr.obj (.text)
                  00001300    0000004c     driverlib-cm4f.lib : hibernate.obj (.text:HibernateEnableExpClk)
                  0000134c    0000004c     rtsv7M4_T_le_v4SPD16_eabi.lib : cpy_tbl.obj (.text)
                  00001398    0000004c                                   : localtim.obj (.text)
                  000013e4    00000048                                   : boot.obj (.text)
                  0000142c    00000044                                   : exit.obj (.text)
                  00001470    00000042                                   : u_divt2.obj (.text)
                  000014b2    00000002     --HOLE-- [fill = 0]
                  000014b4    00000038     driverlib-cm4f.lib : hibernate.obj (.text:HibernateWriteComplete)
                  000014ec    00000034                        : interrupt.obj (.text:IntRegister)
                  00001520    0000002e                        : gpio.obj (.text:GPIODirModeSet)
                  0000154e    00000002     --HOLE-- [fill = 0]
                  00001550    00000024                        : hibernate.obj (.text:HibernateIntStatus)
                  00001574    0000001a     rtsv7M4_T_le_v4SPD16_eabi.lib : strcat.obj (.text)
                  0000158e    00000002     --HOLE-- [fill = 0]
                  00001590    00000018                                   : _lock.obj (.text)
                  000015a8    00000018                                   : args_main.obj (.text)
                  000015c0    00000014     driverlib-cm4f.lib : hibernate.obj (.text:HibernateIntClear)
                  000015d4    00000014                        : hibernate.obj (.text:HibernateIntEnable)
                  000015e8    00000014                        : hibernate.obj (.text:HibernateRTCEnable)
                  000015fc    00000012                        : gpio.obj (.text:GPIOPinTypeGPIOOutput)
                  0000160e    00000012                        : hibernate.obj (.text:HibernateIntRegister)
                  00001620    00000012     rtsv7M4_T_le_v4SPD16_eabi.lib : copy_zero_init.obj (.text:decompress:ZI)
                  00001632    00000002     --HOLE-- [fill = 0]
                  00001634    00000010     driverlib-cm4f.lib : hibernate.obj (.text:HibernateRTCMatch0Set)
                  00001644    00000010                        : hibernate.obj (.text:HibernateRTCSet)
                  00001654    00000010     rtsv7M4_T_le_v4SPD16_eabi.lib : strcpy.obj (.text)
                  00001664    0000000e                                   : copy_decompress_none.obj (.text:decompress:none)
                  00001672    00000002     --HOLE-- [fill = 0]
                  00001674    0000000c     driverlib-cm4f.lib : hibernate.obj (.text:HibernateRTCGet)
                  00001680    0000000c     rtsv7M4_T_le_v4SPD16_eabi.lib : ctime_.obj (.text)
                  0000168c    0000000c     startup_ccs.obj (.text)
                  00001698    0000000a     driverlib-cm4f.lib : gpio.obj (.text:GPIOPinWrite)
                  000016a2    00000006                        : sysctl.obj (.text:SysCtlDelay)
                  000016a8    00000006     rtsv7M4_T_le_v4SPD16_eabi.lib : copy_decompress_rle.obj (.text:decompress:rle24)

.const     0    000016b0    00000214     
                  000016b0    00000070     driverlib-cm4f.lib : interrupt.obj (.const)
                  00001720    0000006c                        : sysctl.obj (.const:g_pulXtals)
                  0000178c    0000004c     rtsv7M4_T_le_v4SPD16_eabi.lib : asctime.obj (.const:.string)
                  000017d8    00000040     driverlib-cm4f.lib : sysctl.obj (.const)
                  00001818    00000030     rtsv7M4_T_le_v4SPD16_eabi.lib : asctime.obj (.const:mon)
                  00001848    00000030                                   : mktime.obj (.const:mon_day)
                  00001878    00000030                                   : mktime.obj (.const:mon_len)
                  000018a8    0000001c                                   : asctime.obj (.const)

.cinit     0    000018c8    00000078     
                  000018c8    00000043     (.cinit..data.load) [load image, compression = rle]
                  0000190b    00000001     --HOLE-- [fill = 0]
                  0000190c    0000000c     (__TI_handler_table)
                  00001918    00000008     (.cinit..bss.load) [load image, compression = zero_init]
                  00001920    00000008     (.cinit..vtable.load) [load image, compression = zero_init]
                  00001928    00000018     (__TI_cinit_table)

.vtable    0    20000000    0000026c     UNINITIALIZED
                  20000000    0000026c     driverlib-cm4f.lib : interrupt.obj (.vtable)

.stack     0    2000026c    00000100     UNINITIALIZED
                  2000026c    00000100     --HOLE--

.bss       0    2000036c    00000054     UNINITIALIZED
                  2000036c    00000024     rtsv7M4_T_le_v4SPD16_eabi.lib : localtim.obj (.bss:local$1)
                  20000390    0000001c                                   : asctime.obj (.bss)
                  200003ac    0000000c                                   : _tvaltostr.obj (.bss)
                  200003b8    00000004     Clock.obj (.bss)
                  200003bc    00000004     driverlib-cm4f.lib : hibernate.obj (.bss)

.data      0    200003c0    0000004c     
                  200003c0    00000024     main.obj (.data)
                  200003e4    00000010     rtsv7M4_T_le_v4SPD16_eabi.lib : tmzone.obj (.data)
                  200003f4    00000008                                   : _lock.obj (.data)
                  200003fc    00000008                                   : exit.obj (.data)
                  20000404    00000004     Clock.obj (.data)
                  20000408    00000004     rtsv7M4_T_le_v4SPD16_eabi.lib : stkdepth_vars.obj (.data)


LINKER GENERATED COPY TABLES

__TI_cinit_table @ 00001928 records: 3, size/record: 8, table size: 24
	.data: load addr=000018c8, load size=00000043 bytes, run addr=200003c0, run size=0000004c bytes, compression=rle
	.bss: load addr=00001918, load size=00000008 bytes, run addr=2000036c, run size=00000054 bytes, compression=zero_init
	.vtable: load addr=00001920, load size=00000008 bytes, run addr=20000000, run size=0000026c bytes, compression=zero_init


LINKER GENERATED HANDLER TABLE

__TI_handler_table @ 0000190c records: 3, size/record: 4, table size: 12
	index: 0, handler: __TI_zero_init
	index: 1, handler: __TI_decompress_rle24
	index: 2, handler: __TI_decompress_none


GLOBAL SYMBOLS: SORTED ALPHABETICALLY BY Name 

address    name
--------   ----
0000142d   C$$EXIT
00001521   GPIODirModeSet
00000e7d   GPIOPadConfigSet
000015fd   GPIOPinTypeGPIOOutput
00001699   GPIOPinWrite
00001301   HibernateEnableExpClk
000015c1   HibernateIntClear
000015d5   HibernateIntEnable
0000160f   HibernateIntRegister
00001551   HibernateIntStatus
000015e9   HibernateRTCEnable
00001675   HibernateRTCGet
00001635   HibernateRTCMatch0Set
00001645   HibernateRTCSet
000014b5   HibernateWriteComplete
00001195   IntEnable
000014ed   IntRegister
200003c0   PinData
00000e13   RTC_Handler
0000168d   ResetISR
UNDEFED    SHT$$INIT_ARRAY$$Base
UNDEFED    SHT$$INIT_ARRAY$$Limit
00000a4d   SysCtlClockGet
00000c25   SysCtlClockSet
000016a3   SysCtlDelay
00001259   SysCtlPeripheralEnable
2000036c   __STACK_END
00000100   __STACK_SIZE
2000036c   __STACK_TOP
00001928   __TI_CINIT_Base
00001940   __TI_CINIT_Limit
0000190c   __TI_Handler_Table_Base
00001918   __TI_Handler_Table_Limit
00000001   __TI_args_main
00001089   __TI_auto_init
00001665   __TI_decompress_none
000016a9   __TI_decompress_rle24
00000000   __TI_static_base__
00001621   __TI_zero_init
00000fed   __aeabi_memcpy
00000fed   __aeabi_memcpy4
00000fed   __aeabi_memcpy8
00001471   __aeabi_uidivmod
ffffffff   __binit__
ffffffff   __c_args__
2000026c   __stack
000015a9   _args_main
000013e5   _c_int00
200003fc   _cleanup_ptr
20000400   _dtors_ptr
200003f4   _lock
0000159d   _nop
00001597   _register_lock
00001591   _register_unlock
000012b1   _tvaltostr
200003e4   _tz
200003f8   _unlock
00001431   abort
00000f45   asctime
ffffffff   binit
0000134d   copy_in
00001681   ctime
000002ad   dash
00000281   delay
0000026d   digitalWrite
0000028d   dot
00001439   exit
20000000   g_pfnRAMVectors
00000000   g_pfnVectors
00000e01   gettime
20000404   i
00000d61   init_clock
000002cd   letterBreak
00001399   localtime
0000111d   main
20000408   main_func_sp
00000fed   memcpy
200003c4   message
200003d0   message2
000007a9   mktime
00000d99   reinit
000002f5   send
00000dd1   settime
00001575   strcat
00001655   strcpy
200003b8   tt
000002d7   wordBreak


GLOBAL SYMBOLS: SORTED BY Symbol Address 

address    name
--------   ----
00000000   __TI_static_base__
00000000   g_pfnVectors
00000001   __TI_args_main
00000100   __STACK_SIZE
0000026d   digitalWrite
00000281   delay
0000028d   dot
000002ad   dash
000002cd   letterBreak
000002d7   wordBreak
000002f5   send
000007a9   mktime
00000a4d   SysCtlClockGet
00000c25   SysCtlClockSet
00000d61   init_clock
00000d99   reinit
00000dd1   settime
00000e01   gettime
00000e13   RTC_Handler
00000e7d   GPIOPadConfigSet
00000f45   asctime
00000fed   __aeabi_memcpy
00000fed   __aeabi_memcpy4
00000fed   __aeabi_memcpy8
00000fed   memcpy
00001089   __TI_auto_init
0000111d   main
00001195   IntEnable
00001259   SysCtlPeripheralEnable
000012b1   _tvaltostr
00001301   HibernateEnableExpClk
0000134d   copy_in
00001399   localtime
000013e5   _c_int00
0000142d   C$$EXIT
00001431   abort
00001439   exit
00001471   __aeabi_uidivmod
000014b5   HibernateWriteComplete
000014ed   IntRegister
00001521   GPIODirModeSet
00001551   HibernateIntStatus
00001575   strcat
00001591   _register_unlock
00001597   _register_lock
0000159d   _nop
000015a9   _args_main
000015c1   HibernateIntClear
000015d5   HibernateIntEnable
000015e9   HibernateRTCEnable
000015fd   GPIOPinTypeGPIOOutput
0000160f   HibernateIntRegister
00001621   __TI_zero_init
00001635   HibernateRTCMatch0Set
00001645   HibernateRTCSet
00001655   strcpy
00001665   __TI_decompress_none
00001675   HibernateRTCGet
00001681   ctime
0000168d   ResetISR
00001699   GPIOPinWrite
000016a3   SysCtlDelay
000016a9   __TI_decompress_rle24
0000190c   __TI_Handler_Table_Base
00001918   __TI_Handler_Table_Limit
00001928   __TI_CINIT_Base
00001940   __TI_CINIT_Limit
20000000   g_pfnRAMVectors
2000026c   __stack
2000036c   __STACK_END
2000036c   __STACK_TOP
200003b8   tt
200003c0   PinData
200003c4   message
200003d0   message2
200003e4   _tz
200003f4   _lock
200003f8   _unlock
200003fc   _cleanup_ptr
20000400   _dtors_ptr
20000404   i
20000408   main_func_sp
ffffffff   __binit__
ffffffff   __c_args__
ffffffff   binit
UNDEFED    SHT$$INIT_ARRAY$$Base
UNDEFED    SHT$$INIT_ARRAY$$Limit

[87 symbols]
