******************************************************************************
                  TMS470 Linker PC v4.9.5                      
******************************************************************************
>> Linked Tue Feb 05 19:49:43 2013

OUTPUT FILE NAME:   <MorseClock.out>
ENTRY POINT SYMBOL: "_c_int00"  address: 00000c61


MEMORY CONFIGURATION

         name            origin    length      used     unused   attr    fill
----------------------  --------  ---------  --------  --------  ----  --------
  FLASH                 00000000   00040000  00000e1e  0003f1e2  R  X
  SRAM                  20000000   00008000  00000144  00007ebc  RW X


SEGMENT ALLOCATION MAP

run origin  load origin   length   init length attrs members
----------  ----------- ---------- ----------- ----- -------
00000000    00000000    00000e20   00000e20    r-x
  00000000    00000000    0000026c   0000026c    r-- .intvecs
  0000026c    0000026c    00000b22   00000b22    r-x .text
  00000d90    00000d90    00000040   00000040    r-- .const
  00000dd0    00000dd0    00000050   00000050    r-- .cinit
20000000    20000000    00000100   00000000    rw-
  20000000    20000000    00000100   00000000    rw- .stack
20000100    20000100    00000044   00000044    rw-
  20000100    20000100    00000044   00000044    rw- .data


SECTION ALLOCATION MAP

 output                                  attributes/
section   page    origin      length       input sections
--------  ----  ----------  ----------   ----------------
.intvecs   0    00000000    0000026c     
                  00000000    0000026c     startup_ccs.obj (.intvecs)

.text      0    0000026c    00000b22     
                  0000026c    000005bc     main.obj (.text)
                  00000828    0000013c     driverlib-cm4f.lib : sysctl.obj (.text:SysCtlClockSet)
                  00000964    000000c8                        : gpio.obj (.text:GPIOPadConfigSet)
                  00000a2c    0000009c     rtsv7M4_T_le_v4SPD16_eabi.lib : memcpy_t2.obj (.text)
                  00000ac8    00000094                                   : auto_init.obj (.text)
                  00000b5c    0000005e                                   : copy_decompress_rle.obj (.text)
                  00000bba    00000002     --HOLE-- [fill = 0]
                  00000bbc    00000058     driverlib-cm4f.lib : sysctl.obj (.text:SysCtlPeripheralEnable)
                  00000c14    0000004c     rtsv7M4_T_le_v4SPD16_eabi.lib : cpy_tbl.obj (.text)
                  00000c60    00000048                                   : boot.obj (.text)
                  00000ca8    00000044                                   : exit.obj (.text)
                  00000cec    0000002e     driverlib-cm4f.lib : gpio.obj (.text:GPIODirModeSet)
                  00000d1a    00000002     --HOLE-- [fill = 0]
                  00000d1c    00000018     rtsv7M4_T_le_v4SPD16_eabi.lib : _lock.obj (.text)
                  00000d34    00000018                                   : args_main.obj (.text)
                  00000d4c    00000012     driverlib-cm4f.lib : gpio.obj (.text:GPIOPinTypeGPIOOutput)
                  00000d5e    0000000e     rtsv7M4_T_le_v4SPD16_eabi.lib : copy_decompress_none.obj (.text:decompress:none)
                  00000d6c    0000000c     startup_ccs.obj (.text)
                  00000d78    0000000a     driverlib-cm4f.lib : gpio.obj (.text:GPIOPinWrite)
                  00000d82    00000006                        : sysctl.obj (.text:SysCtlDelay)
                  00000d88    00000006     rtsv7M4_T_le_v4SPD16_eabi.lib : copy_decompress_rle.obj (.text:decompress:rle24)

.const     0    00000d90    00000040     
                  00000d90    00000040     driverlib-cm4f.lib : sysctl.obj (.const)

.cinit     0    00000dd0    00000050     
                  00000dd0    0000003f     (.cinit..data.load) [load image, compression = rle]
                  00000e0f    00000001     --HOLE-- [fill = 0]
                  00000e10    00000008     (__TI_handler_table)
                  00000e18    00000008     (__TI_cinit_table)

.stack     0    20000000    00000100     UNINITIALIZED
                  20000000    00000100     --HOLE--

.data      0    20000100    00000044     
                  20000100    0000002e     main.obj (.data)
                  2000012e    00000002     --HOLE--
                  20000130    00000008     rtsv7M4_T_le_v4SPD16_eabi.lib : _lock.obj (.data)
                  20000138    00000008                                   : exit.obj (.data)
                  20000140    00000004                                   : stkdepth_vars.obj (.data)


LINKER GENERATED COPY TABLES

__TI_cinit_table @ 00000e18 records: 1, size/record: 8, table size: 8
	.data: load addr=00000dd0, load size=0000003f bytes, run addr=20000100, run size=00000044 bytes, compression=rle


LINKER GENERATED HANDLER TABLE

__TI_handler_table @ 00000e10 records: 2, size/record: 4, table size: 8
	index: 0, handler: __TI_decompress_rle24
	index: 1, handler: __TI_decompress_none


GLOBAL SYMBOLS: SORTED ALPHABETICALLY BY Name 

address    name
--------   ----
00000ca9   C$$EXIT
00000ced   GPIODirModeSet
00000965   GPIOPadConfigSet
00000d4d   GPIOPinTypeGPIOOutput
00000d79   GPIOPinWrite
20000100   PinData
00000d6d   ResetISR
UNDEFED    SHT$$INIT_ARRAY$$Base
UNDEFED    SHT$$INIT_ARRAY$$Limit
00000829   SysCtlClockSet
00000d83   SysCtlDelay
00000bbd   SysCtlPeripheralEnable
20000100   __STACK_END
00000100   __STACK_SIZE
20000100   __STACK_TOP
00000e18   __TI_CINIT_Base
00000e20   __TI_CINIT_Limit
00000e10   __TI_Handler_Table_Base
00000e18   __TI_Handler_Table_Limit
00000001   __TI_args_main
00000ac9   __TI_auto_init
00000d5f   __TI_decompress_none
00000d89   __TI_decompress_rle24
00000000   __TI_static_base__
00000a2d   __aeabi_memcpy
00000a2d   __aeabi_memcpy4
00000a2d   __aeabi_memcpy8
ffffffff   __binit__
ffffffff   __c_args__
20000000   __stack
00000d35   _args_main
00000c61   _c_int00
20000138   _cleanup_ptr
2000013c   _dtors_ptr
20000130   _lock
00000d29   _nop
00000d23   _register_lock
00000d1d   _register_unlock
20000134   _unlock
00000cad   abort
ffffffff   binit
00000c15   copy_in
000002ad   dash
00000281   delay
0000026d   digitalWrite
0000028d   dot
00000cb5   exit
00000000   g_pfnVectors
000002cd   letterBreak
000007a7   main
20000140   main_func_sp
00000a2d   memcpy
20000104   message
2000011a   message2
000002f5   send
000002d7   wordBreak


GLOBAL SYMBOLS: SORTED BY Symbol Address 

address    name
--------   ----
00000000   __TI_static_base__
00000000   g_pfnVectors
00000001   __TI_args_main
00000100   __STACK_SIZE
0000026d   digitalWrite
00000281   delay
0000028d   dot
000002ad   dash
000002cd   letterBreak
000002d7   wordBreak
000002f5   send
000007a7   main
00000829   SysCtlClockSet
00000965   GPIOPadConfigSet
00000a2d   __aeabi_memcpy
00000a2d   __aeabi_memcpy4
00000a2d   __aeabi_memcpy8
00000a2d   memcpy
00000ac9   __TI_auto_init
00000bbd   SysCtlPeripheralEnable
00000c15   copy_in
00000c61   _c_int00
00000ca9   C$$EXIT
00000cad   abort
00000cb5   exit
00000ced   GPIODirModeSet
00000d1d   _register_unlock
00000d23   _register_lock
00000d29   _nop
00000d35   _args_main
00000d4d   GPIOPinTypeGPIOOutput
00000d5f   __TI_decompress_none
00000d6d   ResetISR
00000d79   GPIOPinWrite
00000d83   SysCtlDelay
00000d89   __TI_decompress_rle24
00000e10   __TI_Handler_Table_Base
00000e18   __TI_CINIT_Base
00000e18   __TI_Handler_Table_Limit
00000e20   __TI_CINIT_Limit
20000000   __stack
20000100   PinData
20000100   __STACK_END
20000100   __STACK_TOP
20000104   message
2000011a   message2
20000130   _lock
20000134   _unlock
20000138   _cleanup_ptr
2000013c   _dtors_ptr
20000140   main_func_sp
ffffffff   __binit__
ffffffff   __c_args__
ffffffff   binit
UNDEFED    SHT$$INIT_ARRAY$$Base
UNDEFED    SHT$$INIT_ARRAY$$Limit

[56 symbols]
